FAILED: SemanticException 4:47 Order by-s without limit are disabled for safety reasons. If you know what you are doing, please sethive.strict.checks.large.query to false and that hive.mapred.mode is not set to 'strict' to proceed. Note that if you may get errors or incorrect results if you make a mistake while using some of the unsafe features.. Error encountered near token 'key'
