FAILED: SemanticException Line 0:-1 Unsupported SubQuery Expression 'p_type': Only SubQuery expressions that are top level conjuncts are allowed
