PREHOOK: query: select "2016-12-29 23:59:59"  < cast("2016-12-30" as date)
PREHOOK: type: QUERY
PREHOOK: Input: _dummy_database@_dummy_table
#### A masked pattern was here ####
POSTHOOK: query: select "2016-12-29 23:59:59"  < cast("2016-12-30" as date)
POSTHOOK: type: QUERY
POSTHOOK: Input: _dummy_database@_dummy_table
#### A masked pattern was here ####
true
PREHOOK: query: select "2016-12-30 00:00:00"  = cast("2016-12-30" as date)
PREHOOK: type: QUERY
PREHOOK: Input: _dummy_database@_dummy_table
#### A masked pattern was here ####
POSTHOOK: query: select "2016-12-30 00:00:00"  = cast("2016-12-30" as date)
POSTHOOK: type: QUERY
POSTHOOK: Input: _dummy_database@_dummy_table
#### A masked pattern was here ####
true
PREHOOK: query: select "2016-12-31 00:00:01"  > cast("2016-12-30" as date)
PREHOOK: type: QUERY
PREHOOK: Input: _dummy_database@_dummy_table
#### A masked pattern was here ####
POSTHOOK: query: select "2016-12-31 00:00:01"  > cast("2016-12-30" as date)
POSTHOOK: type: QUERY
POSTHOOK: Input: _dummy_database@_dummy_table
#### A masked pattern was here ####
true
