PREHOOK: query: create table srcTable (key string, value string)
PREHOOK: type: CREATETABLE
PREHOOK: Output: database:default
PREHOOK: Output: default@srcTable
POSTHOOK: query: create table srcTable (key string, value string)
POSTHOOK: type: CREATETABLE
POSTHOOK: Output: database:default
POSTHOOK: Output: default@srcTable
PREHOOK: query: explain formatted
SELECT x.key, z.value, y.value
FROM srcTable x JOIN srcTable y ON (x.key = y.key) 
JOIN srcTable z ON (x.value = z.value)
PREHOOK: type: QUERY
POSTHOOK: query: explain formatted
SELECT x.key, z.value, y.value
FROM srcTable x JOIN srcTable y ON (x.key = y.key) 
JOIN srcTable z ON (x.value = z.value)
POSTHOOK: type: QUERY
{"STAGE DEPENDENCIES":{"Stage-1":{"ROOT STAGE":"TRUE"},"Stage-2":{"DEPENDENT STAGES":"Stage-1"},"Stage-0":{"DEPENDENT STAGES":"Stage-2"}},"STAGE PLANS":{"Stage-1":{"Map Reduce":{"Map Operator Tree:":[{"TableScan":{"alias:":"x","Statistics:":"Num rows: 1 Data size: 0 Basic stats: PARTIAL Column stats: NONE","OperatorId:":"TS_0","children":{"Filter Operator":{"predicate:":"(key is not null and value is not null) (type: boolean)","Statistics:":"Num rows: 1 Data size: 0 Basic stats: PARTIAL Column stats: NONE","OperatorId:":"FIL_17","children":{"Select Operator":{"expressions:":"key (type: string), value (type: string)","outputColumnNames:":["_col0","_col1"],"Statistics:":"Num rows: 1 Data size: 0 Basic stats: PARTIAL Column stats: NONE","OperatorId:":"SEL_2","children":{"Reduce Output Operator":{"key expressions:":"_col0 (type: string)","sort order:":"+","Map-reduce partition columns:":"_col0 (type: string)","Statistics:":"Num rows: 1 Data size: 0 Basic stats: PARTIAL Column stats: NONE","value expressions:":"_col1 (type: string)","OperatorId:":"RS_9","OutputOperators:":"[JOIN_11]"}}}}}}}},{"TableScan":{"alias:":"y","Statistics:":"Num rows: 1 Data size: 0 Basic stats: PARTIAL Column stats: NONE","OperatorId:":"TS_3","children":{"Filter Operator":{"predicate:":"key is not null (type: boolean)","Statistics:":"Num rows: 1 Data size: 0 Basic stats: PARTIAL Column stats: NONE","OperatorId:":"FIL_18","children":{"Select Operator":{"expressions:":"key (type: string), value (type: string)","outputColumnNames:":["_col0","_col1"],"Statistics:":"Num rows: 1 Data size: 0 Basic stats: PARTIAL Column stats: NONE","OperatorId:":"SEL_5","children":{"Reduce Output Operator":{"key expressions:":"_col0 (type: string)","sort order:":"+","Map-reduce partition columns:":"_col0 (type: string)","Statistics:":"Num rows: 1 Data size: 0 Basic stats: PARTIAL Column stats: NONE","value expressions:":"_col1 (type: string)","OperatorId:":"RS_10","OutputOperators:":"[JOIN_11]"}}}}}}}}],"Reduce Operator Tree:":{"Join Operator":{"condition map:":[{"":"Inner Join 0 to 1"}],"keys:":{"0":"_col0 (type: string)","1":"_col0 (type: string)"},"outputColumnNames:":["_col0","_col1","_col3"],"Statistics:":"Num rows: 1 Data size: 0 Basic stats: PARTIAL Column stats: NONE","OperatorId:":"JOIN_11","children":{"File Output Operator":{"compressed:":"false","table:":{"input format:":"org.apache.hadoop.mapred.SequenceFileInputFormat","output format:":"org.apache.hadoop.hive.ql.io.HiveSequenceFileOutputFormat","serde:":"org.apache.hadoop.hive.serde2.lazybinary.LazyBinarySerDe"},"OperatorId:":"FS_20"}}}}}},"Stage-2":{"Map Reduce":{"Map Operator Tree:":[{"TableScan":{"OperatorId:":"TS_21","children":{"Reduce Output Operator":{"key expressions:":"_col1 (type: string)","sort order:":"+","Map-reduce partition columns:":"_col1 (type: string)","Statistics:":"Num rows: 1 Data size: 0 Basic stats: PARTIAL Column stats: NONE","value expressions:":"_col0 (type: string), _col3 (type: string)","OperatorId:":"RS_12","OutputOperators:":"[JOIN_14]"}}}},{"TableScan":{"alias:":"z","Statistics:":"Num rows: 1 Data size: 0 Basic stats: PARTIAL Column stats: NONE","OperatorId:":"TS_6","children":{"Filter Operator":{"predicate:":"value is not null (type: boolean)","Statistics:":"Num rows: 1 Data size: 0 Basic stats: PARTIAL Column stats: NONE","OperatorId:":"FIL_19","children":{"Select Operator":{"expressions:":"value (type: string)","outputColumnNames:":["_col0"],"Statistics:":"Num rows: 1 Data size: 0 Basic stats: PARTIAL Column stats: NONE","OperatorId:":"SEL_8","children":{"Reduce Output Operator":{"key expressions:":"_col0 (type: string)","sort order:":"+","Map-reduce partition columns:":"_col0 (type: string)","Statistics:":"Num rows: 1 Data size: 0 Basic stats: PARTIAL Column stats: NONE","OperatorId:":"RS_13","OutputOperators:":"[JOIN_14]"}}}}}}}}],"Reduce Operator Tree:":{"Join Operator":{"condition map:":[{"":"Inner Join 0 to 1"}],"keys:":{"0":"_col1 (type: string)","1":"_col0 (type: string)"},"outputColumnNames:":["_col0","_col3","_col4"],"Statistics:":"Num rows: 1 Data size: 0 Basic stats: PARTIAL Column stats: NONE","OperatorId:":"JOIN_14","children":{"Select Operator":{"expressions:":"_col0 (type: string), _col4 (type: string), _col3 (type: string)","outputColumnNames:":["_col0","_col1","_col2"],"Statistics:":"Num rows: 1 Data size: 0 Basic stats: PARTIAL Column stats: NONE","OperatorId:":"SEL_15","children":{"File Output Operator":{"compressed:":"false","Statistics:":"Num rows: 1 Data size: 0 Basic stats: PARTIAL Column stats: NONE","table:":{"input format:":"org.apache.hadoop.mapred.SequenceFileInputFormat","output format:":"org.apache.hadoop.hive.ql.io.HiveSequenceFileOutputFormat","serde:":"org.apache.hadoop.hive.serde2.lazy.LazySimpleSerDe"},"OperatorId:":"FS_16"}}}}}}}},"Stage-0":{"Fetch Operator":{"limit:":"-1","Processor Tree:":{"ListSink":{"OperatorId:":"LIST_SINK_22"}}}}}}
PREHOOK: query: explain formatted
SELECT x.key, z.value, y.value
FROM srcTable x JOIN srcTable y ON (x.key = y.key) 
JOIN (select * from srcTable union select * from srcTable)z ON (x.value = z.value)
union
SELECT x.key, z.value, y.value
FROM srcTable x JOIN srcTable y ON (x.key = y.key) 
JOIN (select * from srcTable union select * from srcTable)z ON (x.value = z.value)
PREHOOK: type: QUERY
POSTHOOK: query: explain formatted
SELECT x.key, z.value, y.value
FROM srcTable x JOIN srcTable y ON (x.key = y.key) 
JOIN (select * from srcTable union select * from srcTable)z ON (x.value = z.value)
union
SELECT x.key, z.value, y.value
FROM srcTable x JOIN srcTable y ON (x.key = y.key) 
JOIN (select * from srcTable union select * from srcTable)z ON (x.value = z.value)
POSTHOOK: type: QUERY
{"STAGE DEPENDENCIES":{"Stage-1":{"ROOT STAGE":"TRUE"},"Stage-2":{"DEPENDENT STAGES":"Stage-1, Stage-5"},"Stage-3":{"DEPENDENT STAGES":"Stage-2, Stage-8"},"Stage-5":{"ROOT STAGE":"TRUE"},"Stage-7":{"ROOT STAGE":"TRUE"},"Stage-8":{"DEPENDENT STAGES":"Stage-7, Stage-10"},"Stage-10":{"ROOT STAGE":"TRUE"},"Stage-0":{"DEPENDENT STAGES":"Stage-3"}},"STAGE PLANS":{"Stage-1":{"Map Reduce":{"Map Operator Tree:":[{"TableScan":{"alias:":"x","Statistics:":"Num rows: 1 Data size: 0 Basic stats: PARTIAL Column stats: NONE","OperatorId:":"TS_0","children":{"Filter Operator":{"predicate:":"(key is not null and value is not null) (type: boolean)","Statistics:":"Num rows: 1 Data size: 0 Basic stats: PARTIAL Column stats: NONE","OperatorId:":"FIL_60","children":{"Select Operator":{"expressions:":"key (type: string), value (type: string)","outputColumnNames:":["_col0","_col1"],"Statistics:":"Num rows: 1 Data size: 0 Basic stats: PARTIAL Column stats: NONE","OperatorId:":"SEL_2","children":{"Reduce Output Operator":{"key expressions:":"_col0 (type: string)","sort order:":"+","Map-reduce partition columns:":"_col0 (type: string)","Statistics:":"Num rows: 1 Data size: 0 Basic stats: PARTIAL Column stats: NONE","value expressions:":"_col1 (type: string)","OperatorId:":"RS_19","OutputOperators:":"[JOIN_21]"}}}}}}}},{"TableScan":{"alias:":"y","Statistics:":"Num rows: 1 Data size: 0 Basic stats: PARTIAL Column stats: NONE","OperatorId:":"TS_3","children":{"Filter Operator":{"predicate:":"key is not null (type: boolean)","Statistics:":"Num rows: 1 Data size: 0 Basic stats: PARTIAL Column stats: NONE","OperatorId:":"FIL_61","children":{"Select Operator":{"expressions:":"key (type: string)","outputColumnNames:":["_col0"],"Statistics:":"Num rows: 1 Data size: 0 Basic stats: PARTIAL Column stats: NONE","OperatorId:":"SEL_5","children":{"Reduce Output Operator":{"key expressions:":"_col0 (type: string)","sort order:":"+","Map-reduce partition columns:":"_col0 (type: string)","Statistics:":"Num rows: 1 Data size: 0 Basic stats: PARTIAL Column stats: NONE","OperatorId:":"RS_20","OutputOperators:":"[JOIN_21]"}}}}}}}}],"Reduce Operator Tree:":{"Join Operator":{"condition map:":[{"":"Inner Join 0 to 1"}],"keys:":{"0":"_col0 (type: string)","1":"_col0 (type: string)"},"outputColumnNames:":["_col0","_col1"],"Statistics:":"Num rows: 1 Data size: 0 Basic stats: PARTIAL Column stats: NONE","OperatorId:":"JOIN_21","children":{"File Output Operator":{"compressed:":"false","table:":{"input format:":"org.apache.hadoop.mapred.SequenceFileInputFormat","output format:":"org.apache.hadoop.hive.ql.io.HiveSequenceFileOutputFormat","serde:":"org.apache.hadoop.hive.serde2.lazybinary.LazyBinarySerDe"},"OperatorId:":"FS_68"}}}}}},"Stage-2":{"Map Reduce":{"Map Operator Tree:":[{"TableScan":{"OperatorId:":"TS_69","children":{"Reduce Output Operator":{"key expressions:":"_col1 (type: string)","sort order:":"+","Map-reduce partition columns:":"_col1 (type: string)","Statistics:":"Num rows: 1 Data size: 0 Basic stats: PARTIAL Column stats: NONE","value expressions:":"_col0 (type: string)","OperatorId:":"RS_22","OutputOperators:":"[JOIN_24]"}}}},{"TableScan":{"OperatorId:":"TS_73","children":{"Reduce Output Operator":{"key expressions:":"_col1 (type: string)","sort order:":"+","Map-reduce partition columns:":"_col1 (type: string)","Statistics:":"Num rows: 1 Data size: 0 Basic stats: PARTIAL Column stats: NONE","OperatorId:":"RS_23","OutputOperators:":"[JOIN_24]"}}}}],"Reduce Operator Tree:":{"Join Operator":{"condition map:":[{"":"Inner Join 0 to 1"}],"keys:":{"0":"_col1 (type: string)","1":"_col1 (type: string)"},"outputColumnNames:":["_col0","_col4"],"Statistics:":"Num rows: 1 Data size: 0 Basic stats: PARTIAL Column stats: NONE","OperatorId:":"JOIN_24","children":{"Select Operator":{"expressions:":"_col0 (type: string), _col4 (type: string)","outputColumnNames:":["_col0","_col1"],"Statistics:":"Num rows: 1 Data size: 0 Basic stats: PARTIAL Column stats: NONE","OperatorId:":"SEL_25","children":{"File Output Operator":{"compressed:":"false","table:":{"input format:":"org.apache.hadoop.mapred.SequenceFileInputFormat","output format:":"org.apache.hadoop.hive.ql.io.HiveSequenceFileOutputFormat","serde:":"org.apache.hadoop.hive.serde2.lazybinary.LazyBinarySerDe"},"OperatorId:":"FS_70"}}}}}}}},"Stage-3":{"Map Reduce":{"Map Operator Tree:":[{"TableScan":{"OperatorId:":"TS_71","children":{"Union":{"Statistics:":"Num rows: 2 Data size: 0 Basic stats: PARTIAL Column stats: NONE","OperatorId:":"UNION_52","children":{"Group By Operator":{"keys:":"_col0 (type: string), _col1 (type: string)","mode:":"hash","outputColumnNames:":["_col0","_col1"],"Statistics:":"Num rows: 2 Data size: 0 Basic stats: PARTIAL Column stats: NONE","OperatorId:":"GBY_55","children":{"Reduce Output Operator":{"key expressions:":"_col0 (type: string), _col1 (type: string)","sort order:":"++","Map-reduce partition columns:":"_col0 (type: string), _col1 (type: string)","Statistics:":"Num rows: 2 Data size: 0 Basic stats: PARTIAL Column stats: NONE","OperatorId:":"RS_56","OutputOperators:":"[GBY_57]"}}}}}}}},{"TableScan":{"OperatorId:":"TS_77","children":{"Union":{"Statistics:":"Num rows: 2 Data size: 0 Basic stats: PARTIAL Column stats: NONE","OperatorId:":"UNION_52","children":{"Group By Operator":{"keys:":"_col0 (type: string), _col1 (type: string)","mode:":"hash","outputColumnNames:":["_col0","_col1"],"Statistics:":"Num rows: 2 Data size: 0 Basic stats: PARTIAL Column stats: NONE","OperatorId:":"GBY_55","children":{"Reduce Output Operator":{"key expressions:":"_col0 (type: string), _col1 (type: string)","sort order:":"++","Map-reduce partition columns:":"_col0 (type: string), _col1 (type: string)","Statistics:":"Num rows: 2 Data size: 0 Basic stats: PARTIAL Column stats: NONE","OperatorId:":"RS_56","OutputOperators:":"[GBY_57]"}}}}}}}}],"Reduce Operator Tree:":{"Group By Operator":{"keys:":"KEY._col0 (type: string), KEY._col1 (type: string)","mode:":"mergepartial","outputColumnNames:":["_col0","_col1"],"Statistics:":"Num rows: 1 Data size: 0 Basic stats: PARTIAL Column stats: NONE","OperatorId:":"GBY_57","children":{"File Output Operator":{"compressed:":"false","Statistics:":"Num rows: 1 Data size: 0 Basic stats: PARTIAL Column stats: NONE","table:":{"input format:":"org.apache.hadoop.mapred.SequenceFileInputFormat","output format:":"org.apache.hadoop.hive.ql.io.HiveSequenceFileOutputFormat","serde:":"org.apache.hadoop.hive.serde2.lazy.LazySimpleSerDe"},"OperatorId:":"FS_59"}}}}}},"Stage-5":{"Map Reduce":{"Map Operator Tree:":[{"TableScan":{"alias:":"srctable","Statistics:":"Num rows: 1 Data size: 0 Basic stats: PARTIAL Column stats: NONE","OperatorId:":"TS_6","children":{"Filter Operator":{"predicate:":"value is not null (type: boolean)","Statistics:":"Num rows: 1 Data size: 0 Basic stats: PARTIAL Column stats: NONE","OperatorId:":"FIL_62","children":{"Select Operator":{"expressions:":"key (type: string), value (type: string)","outputColumnNames:":["_col0","_col1"],"Statistics:":"Num rows: 1 Data size: 0 Basic stats: PARTIAL Column stats: NONE","OperatorId:":"SEL_8","children":{"Union":{"Statistics:":"Num rows: 2 Data size: 0 Basic stats: PARTIAL Column stats: NONE","OperatorId:":"UNION_12","children":{"Group By Operator":{"keys:":"_col1 (type: string), _col0 (type: string)","mode:":"hash","outputColumnNames:":["_col0","_col1"],"Statistics:":"Num rows: 2 Data size: 0 Basic stats: PARTIAL Column stats: NONE","OperatorId:":"GBY_15","children":{"Reduce Output Operator":{"key expressions:":"_col0 (type: string), _col1 (type: string)","sort order:":"++","Map-reduce partition columns:":"_col0 (type: string), _col1 (type: string)","Statistics:":"Num rows: 2 Data size: 0 Basic stats: PARTIAL Column stats: NONE","OperatorId:":"RS_16","OutputOperators:":"[GBY_17]"}}}}}}}}}}}},{"TableScan":{"alias:":"srctable","Statistics:":"Num rows: 1 Data size: 0 Basic stats: PARTIAL Column stats: NONE","OperatorId:":"TS_9","children":{"Filter Operator":{"predicate:":"value is not null (type: boolean)","Statistics:":"Num rows: 1 Data size: 0 Basic stats: PARTIAL Column stats: NONE","OperatorId:":"FIL_63","children":{"Select Operator":{"expressions:":"key (type: string), value (type: string)","outputColumnNames:":["_col0","_col1"],"Statistics:":"Num rows: 1 Data size: 0 Basic stats: PARTIAL Column stats: NONE","OperatorId:":"SEL_11","children":{"Union":{"Statistics:":"Num rows: 2 Data size: 0 Basic stats: PARTIAL Column stats: NONE","OperatorId:":"UNION_12","children":{"Group By Operator":{"keys:":"_col1 (type: string), _col0 (type: string)","mode:":"hash","outputColumnNames:":["_col0","_col1"],"Statistics:":"Num rows: 2 Data size: 0 Basic stats: PARTIAL Column stats: NONE","OperatorId:":"GBY_15","children":{"Reduce Output Operator":{"key expressions:":"_col0 (type: string), _col1 (type: string)","sort order:":"++","Map-reduce partition columns:":"_col0 (type: string), _col1 (type: string)","Statistics:":"Num rows: 2 Data size: 0 Basic stats: PARTIAL Column stats: NONE","OperatorId:":"RS_16","OutputOperators:":"[GBY_17]"}}}}}}}}}}}}],"Reduce Operator Tree:":{"Group By Operator":{"keys:":"KEY._col0 (type: string), KEY._col1 (type: string)","mode:":"mergepartial","outputColumnNames:":["_col0","_col1"],"Statistics:":"Num rows: 1 Data size: 0 Basic stats: PARTIAL Column stats: NONE","OperatorId:":"GBY_17","children":{"Select Operator":{"expressions:":"_col0 (type: string)","outputColumnNames:":["_col1"],"Statistics:":"Num rows: 1 Data size: 0 Basic stats: PARTIAL Column stats: NONE","OperatorId:":"SEL_18","children":{"File Output Operator":{"compressed:":"false","table:":{"input format:":"org.apache.hadoop.mapred.SequenceFileInputFormat","output format:":"org.apache.hadoop.hive.ql.io.HiveSequenceFileOutputFormat","serde:":"org.apache.hadoop.hive.serde2.lazybinary.LazyBinarySerDe"},"OperatorId:":"FS_72"}}}}}}}},"Stage-7":{"Map Reduce":{"Map Operator Tree:":[{"TableScan":{"alias:":"x","Statistics:":"Num rows: 1 Data size: 0 Basic stats: PARTIAL Column stats: NONE","OperatorId:":"TS_26","children":{"Filter Operator":{"predicate:":"(key is not null and value is not null) (type: boolean)","Statistics:":"Num rows: 1 Data size: 0 Basic stats: PARTIAL Column stats: NONE","OperatorId:":"FIL_64","children":{"Select Operator":{"expressions:":"key (type: string), value (type: string)","outputColumnNames:":["_col0","_col1"],"Statistics:":"Num rows: 1 Data size: 0 Basic stats: PARTIAL Column stats: NONE","OperatorId:":"SEL_28","children":{"Reduce Output Operator":{"key expressions:":"_col0 (type: string)","sort order:":"+","Map-reduce partition columns:":"_col0 (type: string)","Statistics:":"Num rows: 1 Data size: 0 Basic stats: PARTIAL Column stats: NONE","value expressions:":"_col1 (type: string)","OperatorId:":"RS_45","OutputOperators:":"[JOIN_47]"}}}}}}}},{"TableScan":{"alias:":"y","Statistics:":"Num rows: 1 Data size: 0 Basic stats: PARTIAL Column stats: NONE","OperatorId:":"TS_29","children":{"Filter Operator":{"predicate:":"key is not null (type: boolean)","Statistics:":"Num rows: 1 Data size: 0 Basic stats: PARTIAL Column stats: NONE","OperatorId:":"FIL_65","children":{"Select Operator":{"expressions:":"key (type: string)","outputColumnNames:":["_col0"],"Statistics:":"Num rows: 1 Data size: 0 Basic stats: PARTIAL Column stats: NONE","OperatorId:":"SEL_31","children":{"Reduce Output Operator":{"key expressions:":"_col0 (type: string)","sort order:":"+","Map-reduce partition columns:":"_col0 (type: string)","Statistics:":"Num rows: 1 Data size: 0 Basic stats: PARTIAL Column stats: NONE","OperatorId:":"RS_46","OutputOperators:":"[JOIN_47]"}}}}}}}}],"Reduce Operator Tree:":{"Join Operator":{"condition map:":[{"":"Inner Join 0 to 1"}],"keys:":{"0":"_col0 (type: string)","1":"_col0 (type: string)"},"outputColumnNames:":["_col0","_col1"],"Statistics:":"Num rows: 1 Data size: 0 Basic stats: PARTIAL Column stats: NONE","OperatorId:":"JOIN_47","children":{"File Output Operator":{"compressed:":"false","table:":{"input format:":"org.apache.hadoop.mapred.SequenceFileInputFormat","output format:":"org.apache.hadoop.hive.ql.io.HiveSequenceFileOutputFormat","serde:":"org.apache.hadoop.hive.serde2.lazybinary.LazyBinarySerDe"},"OperatorId:":"FS_74"}}}}}},"Stage-8":{"Map Reduce":{"Map Operator Tree:":[{"TableScan":{"OperatorId:":"TS_75","children":{"Reduce Output Operator":{"key expressions:":"_col1 (type: string)","sort order:":"+","Map-reduce partition columns:":"_col1 (type: string)","Statistics:":"Num rows: 1 Data size: 0 Basic stats: PARTIAL Column stats: NONE","value expressions:":"_col0 (type: string)","OperatorId:":"RS_48","OutputOperators:":"[JOIN_50]"}}}},{"TableScan":{"OperatorId:":"TS_79","children":{"Reduce Output Operator":{"key expressions:":"_col1 (type: string)","sort order:":"+","Map-reduce partition columns:":"_col1 (type: string)","Statistics:":"Num rows: 1 Data size: 0 Basic stats: PARTIAL Column stats: NONE","OperatorId:":"RS_49","OutputOperators:":"[JOIN_50]"}}}}],"Reduce Operator Tree:":{"Join Operator":{"condition map:":[{"":"Inner Join 0 to 1"}],"keys:":{"0":"_col1 (type: string)","1":"_col1 (type: string)"},"outputColumnNames:":["_col0","_col4"],"Statistics:":"Num rows: 1 Data size: 0 Basic stats: PARTIAL Column stats: NONE","OperatorId:":"JOIN_50","children":{"Select Operator":{"expressions:":"_col0 (type: string), _col4 (type: string)","outputColumnNames:":["_col0","_col1"],"Statistics:":"Num rows: 1 Data size: 0 Basic stats: PARTIAL Column stats: NONE","OperatorId:":"SEL_51","children":{"File Output Operator":{"compressed:":"false","table:":{"input format:":"org.apache.hadoop.mapred.SequenceFileInputFormat","output format:":"org.apache.hadoop.hive.ql.io.HiveSequenceFileOutputFormat","serde:":"org.apache.hadoop.hive.serde2.lazybinary.LazyBinarySerDe"},"OperatorId:":"FS_76"}}}}}}}},"Stage-10":{"Map Reduce":{"Map Operator Tree:":[{"TableScan":{"alias:":"srctable","Statistics:":"Num rows: 1 Data size: 0 Basic stats: PARTIAL Column stats: NONE","OperatorId:":"TS_32","children":{"Filter Operator":{"predicate:":"value is not null (type: boolean)","Statistics:":"Num rows: 1 Data size: 0 Basic stats: PARTIAL Column stats: NONE","OperatorId:":"FIL_66","children":{"Select Operator":{"expressions:":"key (type: string), value (type: string)","outputColumnNames:":["_col0","_col1"],"Statistics:":"Num rows: 1 Data size: 0 Basic stats: PARTIAL Column stats: NONE","OperatorId:":"SEL_34","children":{"Union":{"Statistics:":"Num rows: 2 Data size: 0 Basic stats: PARTIAL Column stats: NONE","OperatorId:":"UNION_38","children":{"Group By Operator":{"keys:":"_col1 (type: string), _col0 (type: string)","mode:":"hash","outputColumnNames:":["_col0","_col1"],"Statistics:":"Num rows: 2 Data size: 0 Basic stats: PARTIAL Column stats: NONE","OperatorId:":"GBY_41","children":{"Reduce Output Operator":{"key expressions:":"_col0 (type: string), _col1 (type: string)","sort order:":"++","Map-reduce partition columns:":"_col0 (type: string), _col1 (type: string)","Statistics:":"Num rows: 2 Data size: 0 Basic stats: PARTIAL Column stats: NONE","OperatorId:":"RS_42","OutputOperators:":"[GBY_43]"}}}}}}}}}}}},{"TableScan":{"alias:":"srctable","Statistics:":"Num rows: 1 Data size: 0 Basic stats: PARTIAL Column stats: NONE","OperatorId:":"TS_35","children":{"Filter Operator":{"predicate:":"value is not null (type: boolean)","Statistics:":"Num rows: 1 Data size: 0 Basic stats: PARTIAL Column stats: NONE","OperatorId:":"FIL_67","children":{"Select Operator":{"expressions:":"key (type: string), value (type: string)","outputColumnNames:":["_col0","_col1"],"Statistics:":"Num rows: 1 Data size: 0 Basic stats: PARTIAL Column stats: NONE","OperatorId:":"SEL_37","children":{"Union":{"Statistics:":"Num rows: 2 Data size: 0 Basic stats: PARTIAL Column stats: NONE","OperatorId:":"UNION_38","children":{"Group By Operator":{"keys:":"_col1 (type: string), _col0 (type: string)","mode:":"hash","outputColumnNames:":["_col0","_col1"],"Statistics:":"Num rows: 2 Data size: 0 Basic stats: PARTIAL Column stats: NONE","OperatorId:":"GBY_41","children":{"Reduce Output Operator":{"key expressions:":"_col0 (type: string), _col1 (type: string)","sort order:":"++","Map-reduce partition columns:":"_col0 (type: string), _col1 (type: string)","Statistics:":"Num rows: 2 Data size: 0 Basic stats: PARTIAL Column stats: NONE","OperatorId:":"RS_42","OutputOperators:":"[GBY_43]"}}}}}}}}}}}}],"Reduce Operator Tree:":{"Group By Operator":{"keys:":"KEY._col0 (type: string), KEY._col1 (type: string)","mode:":"mergepartial","outputColumnNames:":["_col0","_col1"],"Statistics:":"Num rows: 1 Data size: 0 Basic stats: PARTIAL Column stats: NONE","OperatorId:":"GBY_43","children":{"Select Operator":{"expressions:":"_col0 (type: string)","outputColumnNames:":["_col1"],"Statistics:":"Num rows: 1 Data size: 0 Basic stats: PARTIAL Column stats: NONE","OperatorId:":"SEL_44","children":{"File Output Operator":{"compressed:":"false","table:":{"input format:":"org.apache.hadoop.mapred.SequenceFileInputFormat","output format:":"org.apache.hadoop.hive.ql.io.HiveSequenceFileOutputFormat","serde:":"org.apache.hadoop.hive.serde2.lazybinary.LazyBinarySerDe"},"OperatorId:":"FS_78"}}}}}}}},"Stage-0":{"Fetch Operator":{"limit:":"-1","Processor Tree:":{"ListSink":{"OperatorId:":"LIST_SINK_80"}}}}}}
