PREHOOK: query: create table tst(a int, b int) partitioned by (d string)
PREHOOK: type: CREATETABLE
PREHOOK: Output: database:default
PREHOOK: Output: default@tst
POSTHOOK: query: create table tst(a int, b int) partitioned by (d string)
POSTHOOK: type: CREATETABLE
POSTHOOK: Output: database:default
POSTHOOK: Output: default@tst
PREHOOK: query: alter table tst add partition (d='2009-01-01')
PREHOOK: type: ALTERTABLE_ADDPARTS
PREHOOK: Output: default@tst
POSTHOOK: query: alter table tst add partition (d='2009-01-01')
POSTHOOK: type: ALTERTABLE_ADDPARTS
POSTHOOK: Output: default@tst
POSTHOOK: Output: default@tst@d=2009-01-01
PREHOOK: query: explain
select count(1) from tst x where x.d='2009-01-01'
PREHOOK: type: QUERY
POSTHOOK: query: explain
select count(1) from tst x where x.d='2009-01-01'
POSTHOOK: type: QUERY
STAGE DEPENDENCIES:
  Stage-0 is a root stage

STAGE PLANS:
  Stage: Stage-0
    Fetch Operator
      limit: 1
      Processor Tree:
        ListSink

PREHOOK: query: select count(1) from tst x where x.d='2009-01-01'
PREHOOK: type: QUERY
PREHOOK: Input: default@tst
#### A masked pattern was here ####
POSTHOOK: query: select count(1) from tst x where x.d='2009-01-01'
POSTHOOK: type: QUERY
POSTHOOK: Input: default@tst
#### A masked pattern was here ####
0
