PREHOOK: query: DESCRIBE FUNCTION var_samp
PREHOOK: type: DESCFUNCTION
POSTHOOK: query: DESCRIBE FUNCTION var_samp
POSTHOOK: type: DESCFUNCTION
var_samp(x) - Returns the sample variance of a set of numbers
PREHOOK: query: DESCRIBE FUNCTION EXTENDED var_samp
PREHOOK: type: DESCFUNCTION
POSTHOOK: query: DESCRIBE FUNCTION EXTENDED var_samp
POSTHOOK: type: DESCFUNCTION
var_samp(x) - Returns the sample variance of a set of numbers
Function class:org.apache.hadoop.hive.ql.udf.generic.GenericUDAFVarianceSample
Function type:BUILTIN
PREHOOK: query: DESCRIBE FUNCTION var_samp
PREHOOK: type: DESCFUNCTION
POSTHOOK: query: DESCRIBE FUNCTION var_samp
POSTHOOK: type: DESCFUNCTION
var_samp(x) - Returns the sample variance of a set of numbers
PREHOOK: query: DESCRIBE FUNCTION EXTENDED var_samp
PREHOOK: type: DESCFUNCTION
POSTHOOK: query: DESCRIBE FUNCTION EXTENDED var_samp
POSTHOOK: type: DESCFUNCTION
var_samp(x) - Returns the sample variance of a set of numbers
Function class:org.apache.hadoop.hive.ql.udf.generic.GenericUDAFVarianceSample
Function type:BUILTIN
