Warning: Shuffle Join MERGEJOIN[129][tables = [$hdt$_5, $hdt$_6]] in Stage 'Reducer 17' is a cross product
PREHOOK: query: explain select  a.ca_state state, count(*) cnt
 from customer_address a
     ,customer c
     ,store_sales s
     ,date_dim d
     ,item i
 where       a.ca_address_sk = c.c_current_addr_sk
 	and c.c_customer_sk = s.ss_customer_sk
 	and s.ss_sold_date_sk = d.d_date_sk
 	and s.ss_item_sk = i.i_item_sk
 	and d.d_month_seq = 
 	     (select distinct (d_month_seq)
 	      from date_dim
               where d_year = 2000
 	        and d_moy = 2 )
 	and i.i_current_price > 1.2 * 
             (select avg(j.i_current_price) 
 	     from item j 
 	     where j.i_category = i.i_category)
 group by a.ca_state
 having count(*) >= 10
 order by cnt 
 limit 100
PREHOOK: type: QUERY
POSTHOOK: query: explain select  a.ca_state state, count(*) cnt
 from customer_address a
     ,customer c
     ,store_sales s
     ,date_dim d
     ,item i
 where       a.ca_address_sk = c.c_current_addr_sk
 	and c.c_customer_sk = s.ss_customer_sk
 	and s.ss_sold_date_sk = d.d_date_sk
 	and s.ss_item_sk = i.i_item_sk
 	and d.d_month_seq = 
 	     (select distinct (d_month_seq)
 	      from date_dim
               where d_year = 2000
 	        and d_moy = 2 )
 	and i.i_current_price > 1.2 * 
             (select avg(j.i_current_price) 
 	     from item j 
 	     where j.i_category = i.i_category)
 group by a.ca_state
 having count(*) >= 10
 order by cnt 
 limit 100
POSTHOOK: type: QUERY
Plan optimized by CBO.

Vertex dependency in root stage
Reducer 10 <- Map 9 (SIMPLE_EDGE)
Reducer 13 <- Map 12 (SIMPLE_EDGE), Map 14 (SIMPLE_EDGE)
Reducer 16 <- Map 15 (SIMPLE_EDGE)
Reducer 17 <- Reducer 16 (CUSTOM_SIMPLE_EDGE), Reducer 21 (CUSTOM_SIMPLE_EDGE)
Reducer 18 <- Map 22 (SIMPLE_EDGE), Reducer 17 (SIMPLE_EDGE)
Reducer 2 <- Map 1 (SIMPLE_EDGE), Reducer 10 (SIMPLE_EDGE)
Reducer 20 <- Map 19 (SIMPLE_EDGE)
Reducer 21 <- Reducer 20 (CUSTOM_SIMPLE_EDGE)
Reducer 24 <- Map 23 (SIMPLE_EDGE)
Reducer 3 <- Map 11 (SIMPLE_EDGE), Reducer 2 (SIMPLE_EDGE)
Reducer 4 <- Reducer 13 (SIMPLE_EDGE), Reducer 3 (SIMPLE_EDGE)
Reducer 5 <- Reducer 18 (SIMPLE_EDGE), Reducer 4 (SIMPLE_EDGE)
Reducer 6 <- Reducer 24 (SIMPLE_EDGE), Reducer 5 (SIMPLE_EDGE)
Reducer 7 <- Reducer 6 (SIMPLE_EDGE)
Reducer 8 <- Reducer 7 (SIMPLE_EDGE)

Stage-0
  Fetch Operator
    limit:100
    Stage-1
      Reducer 8
      File Output Operator [FS_93]
        Limit [LIM_92] (rows=100 width=88)
          Number of rows:100
          Select Operator [SEL_91] (rows=46850848 width=88)
            Output:["_col0","_col1"]
          <-Reducer 7 [SIMPLE_EDGE]
            SHUFFLE [RS_90]
              Filter Operator [FIL_88] (rows=46850848 width=88)
                predicate:(_col1 >= 10)
                Group By Operator [GBY_87] (rows=140552546 width=88)
                  Output:["_col0","_col1"],aggregations:["count(VALUE._col0)"],keys:KEY._col0
                <-Reducer 6 [SIMPLE_EDGE]
                  SHUFFLE [RS_86]
                    PartitionCols:_col0
                    Group By Operator [GBY_85] (rows=281105093 width=88)
                      Output:["_col0","_col1"],aggregations:["count()"],keys:_col1
                      Select Operator [SEL_84] (rows=281105093 width=88)
                        Output:["_col1"]
                        Filter Operator [FIL_83] (rows=281105093 width=88)
                          predicate:(_col10 > (1.2 * CASE WHEN (_col17 is null) THEN (null) ELSE (_col16) END))
                          Merge Join Operator [MERGEJOIN_133] (rows=843315281 width=88)
                            Conds:RS_80._col11=RS_81._col2(Left Outer),Output:["_col1","_col10","_col16","_col17"]
                          <-Reducer 24 [SIMPLE_EDGE]
                            SHUFFLE [RS_81]
                              PartitionCols:_col2
                              Select Operator [SEL_79] (rows=115500 width=1436)
                                Output:["_col0","_col1","_col2"]
                                Group By Operator [GBY_78] (rows=115500 width=1436)
                                  Output:["_col0","_col1"],aggregations:["avg(VALUE._col0)"],keys:KEY._col0
                                <-Map 23 [SIMPLE_EDGE]
                                  SHUFFLE [RS_77]
                                    PartitionCols:_col0
                                    Group By Operator [GBY_76] (rows=231000 width=1436)
                                      Output:["_col0","_col1"],aggregations:["avg(i_current_price)"],keys:i_category
                                      Select Operator [SEL_75] (rows=231000 width=1436)
                                        Output:["i_category","i_current_price"]
                                        Filter Operator [FIL_125] (rows=231000 width=1436)
                                          predicate:(i_category = i_category)
                                          TableScan [TS_73] (rows=462000 width=1436)
                                            default@item,j,Tbl:COMPLETE,Col:NONE,Output:["i_current_price","i_category"]
                          <-Reducer 5 [SIMPLE_EDGE]
                            SHUFFLE [RS_80]
                              PartitionCols:_col11
                              Select Operator [SEL_72] (rows=766650239 width=88)
                                Output:["_col1","_col10","_col11"]
                                Merge Join Operator [MERGEJOIN_132] (rows=766650239 width=88)
                                  Conds:RS_69._col5=RS_70._col0(Inner),Output:["_col1","_col2","_col11"]
                                <-Reducer 18 [SIMPLE_EDGE]
                                  SHUFFLE [RS_70]
                                    PartitionCols:_col0
                                    Select Operator [SEL_59] (rows=80353 width=1119)
                                      Output:["_col0"]
                                      Merge Join Operator [MERGEJOIN_130] (rows=80353 width=1119)
                                        Conds:RS_56._col0=RS_57._col1(Inner),Output:["_col2"]
                                      <-Map 22 [SIMPLE_EDGE]
                                        SHUFFLE [RS_57]
                                          PartitionCols:_col1
                                          Select Operator [SEL_52] (rows=73049 width=1119)
                                            Output:["_col0","_col1"]
                                            Filter Operator [FIL_124] (rows=73049 width=1119)
                                              predicate:(d_date_sk is not null and d_month_seq is not null)
                                              TableScan [TS_50] (rows=73049 width=1119)
                                                default@date_dim,d,Tbl:COMPLETE,Col:NONE,Output:["d_date_sk","d_month_seq"]
                                      <-Reducer 17 [SIMPLE_EDGE]
                                        SHUFFLE [RS_56]
                                          PartitionCols:_col0
                                          Merge Join Operator [MERGEJOIN_129] (rows=9131 width=1128)
                                            Conds:(Inner),Output:["_col0"]
                                          <-Reducer 16 [CUSTOM_SIMPLE_EDGE]
                                            PARTITION_ONLY_SHUFFLE [RS_53]
                                              Group By Operator [GBY_34] (rows=9131 width=1119)
                                                Output:["_col0"],keys:KEY._col0
                                              <-Map 15 [SIMPLE_EDGE]
                                                SHUFFLE [RS_33]
                                                  PartitionCols:_col0
                                                  Group By Operator [GBY_32] (rows=18262 width=1119)
                                                    Output:["_col0"],keys:d_month_seq
                                                    Select Operator [SEL_31] (rows=18262 width=1119)
                                                      Output:["d_month_seq"]
                                                      Filter Operator [FIL_122] (rows=18262 width=1119)
                                                        predicate:((d_year = 2000) and (d_moy = 2) and d_month_seq is not null)
                                                        TableScan [TS_29] (rows=73049 width=1119)
                                                          default@date_dim,date_dim,Tbl:COMPLETE,Col:NONE,Output:["d_month_seq","d_year","d_moy"]
                                          <-Reducer 21 [CUSTOM_SIMPLE_EDGE]
                                            PARTITION_ONLY_SHUFFLE [RS_54]
                                              Select Operator [SEL_49] (rows=1 width=8)
                                                Filter Operator [FIL_48] (rows=1 width=8)
                                                  predicate:(sq_count_check(_col0) <= 1)
                                                  Group By Operator [GBY_46] (rows=1 width=8)
                                                    Output:["_col0"],aggregations:["count(VALUE._col0)"]
                                                  <-Reducer 20 [CUSTOM_SIMPLE_EDGE]
                                                    PARTITION_ONLY_SHUFFLE [RS_45]
                                                      Group By Operator [GBY_44] (rows=1 width=8)
                                                        Output:["_col0"],aggregations:["count()"]
                                                        Select Operator [SEL_42] (rows=9131 width=1119)
                                                          Group By Operator [GBY_41] (rows=9131 width=1119)
                                                            Output:["_col0"],keys:KEY._col0
                                                          <-Map 19 [SIMPLE_EDGE]
                                                            SHUFFLE [RS_40]
                                                              PartitionCols:_col0
                                                              Group By Operator [GBY_39] (rows=18262 width=1119)
                                                                Output:["_col0"],keys:d_month_seq
                                                                Select Operator [SEL_38] (rows=18262 width=1119)
                                                                  Output:["d_month_seq"]
                                                                  Filter Operator [FIL_123] (rows=18262 width=1119)
                                                                    predicate:((d_year = 2000) and (d_moy = 2))
                                                                    TableScan [TS_36] (rows=73049 width=1119)
                                                                      default@date_dim,date_dim,Tbl:COMPLETE,Col:NONE,Output:["d_month_seq","d_year","d_moy"]
                                <-Reducer 4 [SIMPLE_EDGE]
                                  SHUFFLE [RS_69]
                                    PartitionCols:_col5
                                    Merge Join Operator [MERGEJOIN_131] (rows=696954748 width=88)
                                      Conds:RS_66._col7=RS_67._col0(Inner),Output:["_col1","_col2","_col5","_col11"]
                                    <-Reducer 13 [SIMPLE_EDGE]
                                      SHUFFLE [RS_67]
                                        PartitionCols:_col0
                                        Merge Join Operator [MERGEJOIN_128] (rows=88000001 width=860)
                                          Conds:RS_25._col1=RS_26._col0(Inner),Output:["_col0","_col3"]
                                        <-Map 12 [SIMPLE_EDGE]
                                          SHUFFLE [RS_25]
                                            PartitionCols:_col1
                                            Select Operator [SEL_21] (rows=80000000 width=860)
                                              Output:["_col0","_col1"]
                                              Filter Operator [FIL_120] (rows=80000000 width=860)
                                                predicate:(c_current_addr_sk is not null and c_customer_sk is not null)
                                                TableScan [TS_19] (rows=80000000 width=860)
                                                  default@customer,c,Tbl:COMPLETE,Col:NONE,Output:["c_customer_sk","c_current_addr_sk"]
                                        <-Map 14 [SIMPLE_EDGE]
                                          SHUFFLE [RS_26]
                                            PartitionCols:_col0
                                            Select Operator [SEL_24] (rows=40000000 width=1014)
                                              Output:["_col0","_col1"]
                                              Filter Operator [FIL_121] (rows=40000000 width=1014)
                                                predicate:ca_address_sk is not null
                                                TableScan [TS_22] (rows=40000000 width=1014)
                                                  default@customer_address,a,Tbl:COMPLETE,Col:NONE,Output:["ca_address_sk","ca_state"]
                                    <-Reducer 3 [SIMPLE_EDGE]
                                      SHUFFLE [RS_66]
                                        PartitionCols:_col7
                                        Merge Join Operator [MERGEJOIN_127] (rows=633595212 width=88)
                                          Conds:RS_63._col0=RS_64._col1(Inner),Output:["_col1","_col2","_col5","_col7"]
                                        <-Map 11 [SIMPLE_EDGE]
                                          SHUFFLE [RS_64]
                                            PartitionCols:_col1
                                            Select Operator [SEL_18] (rows=575995635 width=88)
                                              Output:["_col0","_col1","_col2"]
                                              Filter Operator [FIL_119] (rows=575995635 width=88)
                                                predicate:(ss_customer_sk is not null and ss_sold_date_sk is not null and ss_item_sk is not null)
                                                TableScan [TS_16] (rows=575995635 width=88)
                                                  default@store_sales,s,Tbl:COMPLETE,Col:NONE,Output:["ss_sold_date_sk","ss_item_sk","ss_customer_sk"]
                                        <-Reducer 2 [SIMPLE_EDGE]
                                          SHUFFLE [RS_63]
                                            PartitionCols:_col0
                                            Merge Join Operator [MERGEJOIN_126] (rows=508200 width=1436)
                                              Conds:RS_60._col2=RS_61._col0(Left Outer),Output:["_col0","_col1","_col2"]
                                            <-Map 1 [SIMPLE_EDGE]
                                              SHUFFLE [RS_60]
                                                PartitionCols:_col2
                                                Select Operator [SEL_2] (rows=462000 width=1436)
                                                  Output:["_col0","_col1","_col2"]
                                                  Filter Operator [FIL_117] (rows=462000 width=1436)
                                                    predicate:i_item_sk is not null
                                                    TableScan [TS_0] (rows=462000 width=1436)
                                                      default@item,i,Tbl:COMPLETE,Col:NONE,Output:["i_item_sk","i_current_price","i_category"]
                                            <-Reducer 10 [SIMPLE_EDGE]
                                              SHUFFLE [RS_61]
                                                PartitionCols:_col0
                                                Select Operator [SEL_15] (rows=19250 width=1436)
                                                  Output:["_col0"]
                                                  Filter Operator [FIL_14] (rows=19250 width=1436)
                                                    predicate:(sq_count_check(_col1) <= 1)
                                                    Group By Operator [GBY_13] (rows=57750 width=1436)
                                                      Output:["_col0","_col1"],aggregations:["count()"],keys:_col0
                                                      Group By Operator [GBY_8] (rows=115500 width=1436)
                                                        Output:["_col0"],keys:KEY._col0
                                                      <-Map 9 [SIMPLE_EDGE]
                                                        SHUFFLE [RS_7]
                                                          PartitionCols:_col0
                                                          Group By Operator [GBY_6] (rows=231000 width=1436)
                                                            Output:["_col0"],keys:i_category
                                                            Filter Operator [FIL_118] (rows=231000 width=1436)
                                                              predicate:(i_category = i_category)
                                                              TableScan [TS_3] (rows=462000 width=1436)
                                                                default@item,j,Tbl:COMPLETE,Col:NONE,Output:["i_category"]

