Warning: Shuffle Join MERGEJOIN[106][tables = [$hdt$_2, $hdt$_3, $hdt$_1, $hdt$_4]] in Stage 'Reducer 18' is a cross product
PREHOOK: query: explain select  
   count(distinct cs_order_number) as `order count`
  ,sum(cs_ext_ship_cost) as `total shipping cost`
  ,sum(cs_net_profit) as `total net profit`
from
   catalog_sales cs1
  ,date_dim
  ,customer_address
  ,call_center
where
    d_date between '2001-4-01' and 
           (cast('2001-4-01' as date) + 60 days)
and cs1.cs_ship_date_sk = d_date_sk
and cs1.cs_ship_addr_sk = ca_address_sk
and ca_state = 'NY'
and cs1.cs_call_center_sk = cc_call_center_sk
and cc_county in ('Ziebach County','Levy County','Huron County','Franklin Parish',
                  'Daviess County'
)
and exists (select *
            from catalog_sales cs2
            where cs1.cs_order_number = cs2.cs_order_number
              and cs1.cs_warehouse_sk <> cs2.cs_warehouse_sk)
and not exists(select *
               from catalog_returns cr1
               where cs1.cs_order_number = cr1.cr_order_number)
order by `order count`
limit 100
PREHOOK: type: QUERY
POSTHOOK: query: explain select  
   count(distinct cs_order_number) as `order count`
  ,sum(cs_ext_ship_cost) as `total shipping cost`
  ,sum(cs_net_profit) as `total net profit`
from
   catalog_sales cs1
  ,date_dim
  ,customer_address
  ,call_center
where
    d_date between '2001-4-01' and 
           (cast('2001-4-01' as date) + 60 days)
and cs1.cs_ship_date_sk = d_date_sk
and cs1.cs_ship_addr_sk = ca_address_sk
and ca_state = 'NY'
and cs1.cs_call_center_sk = cc_call_center_sk
and cc_county in ('Ziebach County','Levy County','Huron County','Franklin Parish',
                  'Daviess County'
)
and exists (select *
            from catalog_sales cs2
            where cs1.cs_order_number = cs2.cs_order_number
              and cs1.cs_warehouse_sk <> cs2.cs_warehouse_sk)
and not exists(select *
               from catalog_returns cr1
               where cs1.cs_order_number = cr1.cr_order_number)
order by `order count`
limit 100
POSTHOOK: type: QUERY
Plan optimized by CBO.

Vertex dependency in root stage
Reducer 13 <- Map 12 (SIMPLE_EDGE)
Reducer 15 <- Map 14 (SIMPLE_EDGE), Reducer 19 (SIMPLE_EDGE)
Reducer 16 <- Reducer 15 (SIMPLE_EDGE)
Reducer 18 <- Map 17 (CUSTOM_SIMPLE_EDGE), Map 20 (CUSTOM_SIMPLE_EDGE), Map 21 (CUSTOM_SIMPLE_EDGE), Map 22 (CUSTOM_SIMPLE_EDGE)
Reducer 19 <- Reducer 18 (SIMPLE_EDGE)
Reducer 2 <- Map 1 (SIMPLE_EDGE), Map 9 (SIMPLE_EDGE)
Reducer 3 <- Map 10 (SIMPLE_EDGE), Reducer 2 (SIMPLE_EDGE)
Reducer 4 <- Map 11 (SIMPLE_EDGE), Reducer 3 (SIMPLE_EDGE)
Reducer 5 <- Reducer 13 (SIMPLE_EDGE), Reducer 4 (SIMPLE_EDGE)
Reducer 6 <- Reducer 16 (SIMPLE_EDGE), Reducer 5 (SIMPLE_EDGE)
Reducer 7 <- Reducer 6 (SIMPLE_EDGE)
Reducer 8 <- Reducer 7 (SIMPLE_EDGE)

Stage-0
  Fetch Operator
    limit:100
    Stage-1
      Reducer 8
      File Output Operator [FS_73]
        Limit [LIM_72] (rows=1 width=344)
          Number of rows:100
          Select Operator [SEL_71] (rows=1 width=344)
            Output:["_col0","_col1","_col2"]
          <-Reducer 7 [SIMPLE_EDGE]
            SHUFFLE [RS_70]
              Group By Operator [GBY_68] (rows=1 width=344)
                Output:["_col0","_col1","_col2"],aggregations:["count(DISTINCT KEY._col0:0._col0)","sum(VALUE._col1)","sum(VALUE._col2)"]
              <-Reducer 6 [SIMPLE_EDGE]
                SHUFFLE [RS_67]
                  Group By Operator [GBY_66] (rows=1395035081047425024 width=1)
                    Output:["_col0","_col1","_col2","_col3"],aggregations:["count(DISTINCT _col4)","sum(_col5)","sum(_col6)"],keys:_col4
                    Select Operator [SEL_65] (rows=1395035081047425024 width=1)
                      Output:["_col4","_col5","_col6"]
                      Filter Operator [FIL_64] (rows=1395035081047425024 width=1)
                        predicate:_col16 is null
                        Select Operator [SEL_63] (rows=2790070162094850048 width=1)
                          Output:["_col4","_col5","_col6","_col16"]
                          Merge Join Operator [MERGEJOIN_112] (rows=2790070162094850048 width=1)
                            Conds:RS_60._col3, _col4=RS_61._col0, _col1(Inner),Output:["_col4","_col5","_col6","_col14"]
                          <-Reducer 16 [SIMPLE_EDGE]
                            SHUFFLE [RS_61]
                              PartitionCols:_col0, _col1
                              Group By Operator [GBY_46] (rows=2536427365110644736 width=1)
                                Output:["_col0","_col1"],keys:KEY._col0, KEY._col1
                              <-Reducer 15 [SIMPLE_EDGE]
                                SHUFFLE [RS_45]
                                  PartitionCols:_col0, _col1
                                  Group By Operator [GBY_44] (rows=5072854730221289472 width=1)
                                    Output:["_col0","_col1"],keys:_col2, _col3
                                    Select Operator [SEL_43] (rows=5072854730221289472 width=1)
                                      Output:["_col2","_col3"]
                                      Filter Operator [FIL_42] (rows=5072854730221289472 width=1)
                                        predicate:(_col2 <> _col0)
                                        Merge Join Operator [MERGEJOIN_110] (rows=5072854730221289472 width=1)
                                          Conds:RS_39._col1=RS_40._col1(Inner),Output:["_col0","_col2","_col3"]
                                        <-Map 14 [SIMPLE_EDGE]
                                          SHUFFLE [RS_39]
                                            PartitionCols:_col1
                                            Select Operator [SEL_20] (rows=287989836 width=135)
                                              Output:["_col0","_col1"]
                                              TableScan [TS_19] (rows=287989836 width=135)
                                                default@catalog_sales,cs2,Tbl:COMPLETE,Col:NONE,Output:["cs_warehouse_sk","cs_order_number"]
                                        <-Reducer 19 [SIMPLE_EDGE]
                                          SHUFFLE [RS_40]
                                            PartitionCols:_col1
                                            Select Operator [SEL_38] (rows=4611686018427387903 width=1)
                                              Output:["_col0","_col1"]
                                              Group By Operator [GBY_37] (rows=4611686018427387903 width=1)
                                                Output:["_col0","_col1"],keys:KEY._col0, KEY._col1
                                              <-Reducer 18 [SIMPLE_EDGE]
                                                SHUFFLE [RS_36]
                                                  PartitionCols:_col0, _col1
                                                  Group By Operator [GBY_35] (rows=9223372036854775807 width=1)
                                                    Output:["_col0","_col1"],keys:_col4, _col3
                                                    Select Operator [SEL_34] (rows=9223372036854775807 width=1)
                                                      Output:["_col4","_col3"]
                                                      Merge Join Operator [MERGEJOIN_106] (rows=9223372036854775807 width=1)
                                                        Conds:(Inner),(Inner),(Inner),Output:["_col3","_col4"]
                                                      <-Map 17 [CUSTOM_SIMPLE_EDGE]
                                                        PARTITION_ONLY_SHUFFLE [RS_29]
                                                          Select Operator [SEL_22] (rows=73049 width=4)
                                                            TableScan [TS_21] (rows=73049 width=1119)
                                                              default@date_dim,date_dim,Tbl:COMPLETE,Col:COMPLETE
                                                      <-Map 20 [CUSTOM_SIMPLE_EDGE]
                                                        PARTITION_ONLY_SHUFFLE [RS_30]
                                                          Select Operator [SEL_24] (rows=60 width=4)
                                                            TableScan [TS_23] (rows=60 width=2045)
                                                              default@call_center,call_center,Tbl:COMPLETE,Col:COMPLETE
                                                      <-Map 21 [CUSTOM_SIMPLE_EDGE]
                                                        PARTITION_ONLY_SHUFFLE [RS_31]
                                                          Select Operator [SEL_26] (rows=40000000 width=4)
                                                            TableScan [TS_25] (rows=40000000 width=1014)
                                                              default@customer_address,customer_address,Tbl:COMPLETE,Col:COMPLETE
                                                      <-Map 22 [CUSTOM_SIMPLE_EDGE]
                                                        PARTITION_ONLY_SHUFFLE [RS_32]
                                                          Select Operator [SEL_28] (rows=287989836 width=135)
                                                            Output:["_col0","_col1"]
                                                            TableScan [TS_27] (rows=287989836 width=135)
                                                              default@catalog_sales,cs1,Tbl:COMPLETE,Col:NONE,Output:["cs_warehouse_sk","cs_order_number"]
                          <-Reducer 5 [SIMPLE_EDGE]
                            SHUFFLE [RS_60]
                              PartitionCols:_col3, _col4
                              Merge Join Operator [MERGEJOIN_111] (rows=421645953 width=135)
                                Conds:RS_57._col4=RS_58._col0(Left Outer),Output:["_col3","_col4","_col5","_col6","_col14"]
                              <-Reducer 13 [SIMPLE_EDGE]
                                SHUFFLE [RS_58]
                                  PartitionCols:_col0
                                  Select Operator [SEL_18] (rows=7199720 width=106)
                                    Output:["_col0","_col1"]
                                    Group By Operator [GBY_17] (rows=7199720 width=106)
                                      Output:["_col0"],keys:KEY._col0
                                    <-Map 12 [SIMPLE_EDGE]
                                      SHUFFLE [RS_16]
                                        PartitionCols:_col0
                                        Group By Operator [GBY_15] (rows=14399440 width=106)
                                          Output:["_col0"],keys:cr_order_number
                                          Filter Operator [FIL_103] (rows=14399440 width=106)
                                            predicate:(cr_order_number = cr_order_number)
                                            TableScan [TS_12] (rows=28798881 width=106)
                                              default@catalog_returns,cr1,Tbl:COMPLETE,Col:NONE,Output:["cr_order_number"]
                              <-Reducer 4 [SIMPLE_EDGE]
                                SHUFFLE [RS_57]
                                  PartitionCols:_col4
                                  Merge Join Operator [MERGEJOIN_109] (rows=383314495 width=135)
                                    Conds:RS_54._col2=RS_55._col0(Inner),Output:["_col3","_col4","_col5","_col6"]
                                  <-Map 11 [SIMPLE_EDGE]
                                    SHUFFLE [RS_55]
                                      PartitionCols:_col0
                                      Select Operator [SEL_11] (rows=30 width=2045)
                                        Output:["_col0"]
                                        Filter Operator [FIL_102] (rows=30 width=2045)
                                          predicate:((cc_county) IN ('Ziebach County', 'Levy County', 'Huron County', 'Franklin Parish', 'Daviess County') and cc_call_center_sk is not null)
                                          TableScan [TS_9] (rows=60 width=2045)
                                            default@call_center,call_center,Tbl:COMPLETE,Col:NONE,Output:["cc_call_center_sk","cc_county"]
                                  <-Reducer 3 [SIMPLE_EDGE]
                                    SHUFFLE [RS_54]
                                      PartitionCols:_col2
                                      Merge Join Operator [MERGEJOIN_108] (rows=348467716 width=135)
                                        Conds:RS_51._col1=RS_52._col0(Inner),Output:["_col2","_col3","_col4","_col5","_col6"]
                                      <-Map 10 [SIMPLE_EDGE]
                                        SHUFFLE [RS_52]
                                          PartitionCols:_col0
                                          Select Operator [SEL_8] (rows=20000000 width=1014)
                                            Output:["_col0"]
                                            Filter Operator [FIL_101] (rows=20000000 width=1014)
                                              predicate:((ca_state = 'NY') and ca_address_sk is not null)
                                              TableScan [TS_6] (rows=40000000 width=1014)
                                                default@customer_address,customer_address,Tbl:COMPLETE,Col:NONE,Output:["ca_address_sk","ca_state"]
                                      <-Reducer 2 [SIMPLE_EDGE]
                                        SHUFFLE [RS_51]
                                          PartitionCols:_col1
                                          Merge Join Operator [MERGEJOIN_107] (rows=316788826 width=135)
                                            Conds:RS_48._col0=RS_49._col0(Inner),Output:["_col1","_col2","_col3","_col4","_col5","_col6"]
                                          <-Map 1 [SIMPLE_EDGE]
                                            SHUFFLE [RS_48]
                                              PartitionCols:_col0
                                              Select Operator [SEL_2] (rows=287989836 width=135)
                                                Output:["_col0","_col1","_col2","_col3","_col4","_col5","_col6"]
                                                Filter Operator [FIL_99] (rows=287989836 width=135)
                                                  predicate:(cs_ship_date_sk is not null and cs_ship_addr_sk is not null and cs_call_center_sk is not null)
                                                  TableScan [TS_0] (rows=287989836 width=135)
                                                    default@catalog_sales,cs1,Tbl:COMPLETE,Col:NONE,Output:["cs_ship_date_sk","cs_ship_addr_sk","cs_call_center_sk","cs_warehouse_sk","cs_order_number","cs_ext_ship_cost","cs_net_profit"]
                                          <-Map 9 [SIMPLE_EDGE]
                                            SHUFFLE [RS_49]
                                              PartitionCols:_col0
                                              Select Operator [SEL_5] (rows=8116 width=1119)
                                                Output:["_col0"]
                                                Filter Operator [FIL_100] (rows=8116 width=1119)
                                                  predicate:(d_date BETWEEN '2001-4-01' AND 2001-05-31 01:00:00.0 and d_date_sk is not null)
                                                  TableScan [TS_3] (rows=73049 width=1119)
                                                    default@date_dim,date_dim,Tbl:COMPLETE,Col:NONE,Output:["d_date_sk","d_date"]

