PREHOOK: query: explain with sr_items as
 (select i_item_id item_id,
        sum(sr_return_quantity) sr_item_qty
 from store_returns,
      item,
      date_dim
 where sr_item_sk = i_item_sk
 and   d_date    in 
	(select d_date
	from date_dim
	where d_week_seq in 
		(select d_week_seq
		from date_dim
	  where d_date in ('1998-01-02','1998-10-15','1998-11-10')))
 and   sr_returned_date_sk   = d_date_sk
 group by i_item_id),
 cr_items as
 (select i_item_id item_id,
        sum(cr_return_quantity) cr_item_qty
 from catalog_returns,
      item,
      date_dim
 where cr_item_sk = i_item_sk
 and   d_date    in 
	(select d_date
	from date_dim
	where d_week_seq in 
		(select d_week_seq
		from date_dim
	  where d_date in ('1998-01-02','1998-10-15','1998-11-10')))
 and   cr_returned_date_sk   = d_date_sk
 group by i_item_id),
 wr_items as
 (select i_item_id item_id,
        sum(wr_return_quantity) wr_item_qty
 from web_returns,
      item,
      date_dim
 where wr_item_sk = i_item_sk
 and   d_date    in 
	(select d_date
	from date_dim
	where d_week_seq in 
		(select d_week_seq
		from date_dim
		where d_date in ('1998-01-02','1998-10-15','1998-11-10')))
 and   wr_returned_date_sk   = d_date_sk
 group by i_item_id)
  select  sr_items.item_id
       ,sr_item_qty
       ,sr_item_qty/(sr_item_qty+cr_item_qty+wr_item_qty)/3.0 * 100 sr_dev
       ,cr_item_qty
       ,cr_item_qty/(sr_item_qty+cr_item_qty+wr_item_qty)/3.0 * 100 cr_dev
       ,wr_item_qty
       ,wr_item_qty/(sr_item_qty+cr_item_qty+wr_item_qty)/3.0 * 100 wr_dev
       ,(sr_item_qty+cr_item_qty+wr_item_qty)/3.0 average
 from sr_items
     ,cr_items
     ,wr_items
 where sr_items.item_id=cr_items.item_id
   and sr_items.item_id=wr_items.item_id 
 order by sr_items.item_id
         ,sr_item_qty
 limit 100
PREHOOK: type: QUERY
POSTHOOK: query: explain with sr_items as
 (select i_item_id item_id,
        sum(sr_return_quantity) sr_item_qty
 from store_returns,
      item,
      date_dim
 where sr_item_sk = i_item_sk
 and   d_date    in 
	(select d_date
	from date_dim
	where d_week_seq in 
		(select d_week_seq
		from date_dim
	  where d_date in ('1998-01-02','1998-10-15','1998-11-10')))
 and   sr_returned_date_sk   = d_date_sk
 group by i_item_id),
 cr_items as
 (select i_item_id item_id,
        sum(cr_return_quantity) cr_item_qty
 from catalog_returns,
      item,
      date_dim
 where cr_item_sk = i_item_sk
 and   d_date    in 
	(select d_date
	from date_dim
	where d_week_seq in 
		(select d_week_seq
		from date_dim
	  where d_date in ('1998-01-02','1998-10-15','1998-11-10')))
 and   cr_returned_date_sk   = d_date_sk
 group by i_item_id),
 wr_items as
 (select i_item_id item_id,
        sum(wr_return_quantity) wr_item_qty
 from web_returns,
      item,
      date_dim
 where wr_item_sk = i_item_sk
 and   d_date    in 
	(select d_date
	from date_dim
	where d_week_seq in 
		(select d_week_seq
		from date_dim
		where d_date in ('1998-01-02','1998-10-15','1998-11-10')))
 and   wr_returned_date_sk   = d_date_sk
 group by i_item_id)
  select  sr_items.item_id
       ,sr_item_qty
       ,sr_item_qty/(sr_item_qty+cr_item_qty+wr_item_qty)/3.0 * 100 sr_dev
       ,cr_item_qty
       ,cr_item_qty/(sr_item_qty+cr_item_qty+wr_item_qty)/3.0 * 100 cr_dev
       ,wr_item_qty
       ,wr_item_qty/(sr_item_qty+cr_item_qty+wr_item_qty)/3.0 * 100 wr_dev
       ,(sr_item_qty+cr_item_qty+wr_item_qty)/3.0 average
 from sr_items
     ,cr_items
     ,wr_items
 where sr_items.item_id=cr_items.item_id
   and sr_items.item_id=wr_items.item_id 
 order by sr_items.item_id
         ,sr_item_qty
 limit 100
POSTHOOK: type: QUERY
Plan optimized by CBO.

Vertex dependency in root stage
Reducer 11 <- Map 10 (SIMPLE_EDGE), Reducer 14 (SIMPLE_EDGE)
Reducer 12 <- Reducer 11 (SIMPLE_EDGE)
Reducer 14 <- Map 13 (SIMPLE_EDGE)
Reducer 16 <- Map 15 (SIMPLE_EDGE), Map 19 (SIMPLE_EDGE)
Reducer 17 <- Reducer 16 (SIMPLE_EDGE), Reducer 21 (SIMPLE_EDGE)
Reducer 18 <- Reducer 17 (SIMPLE_EDGE)
Reducer 2 <- Map 1 (SIMPLE_EDGE), Map 7 (SIMPLE_EDGE)
Reducer 21 <- Map 20 (SIMPLE_EDGE), Reducer 24 (SIMPLE_EDGE)
Reducer 23 <- Map 22 (SIMPLE_EDGE), Reducer 26 (SIMPLE_EDGE)
Reducer 24 <- Reducer 23 (SIMPLE_EDGE)
Reducer 26 <- Map 25 (SIMPLE_EDGE)
Reducer 28 <- Map 27 (SIMPLE_EDGE), Map 31 (SIMPLE_EDGE)
Reducer 29 <- Reducer 28 (SIMPLE_EDGE), Reducer 33 (SIMPLE_EDGE)
Reducer 3 <- Reducer 2 (SIMPLE_EDGE), Reducer 9 (SIMPLE_EDGE)
Reducer 30 <- Reducer 29 (SIMPLE_EDGE)
Reducer 33 <- Map 32 (SIMPLE_EDGE), Reducer 36 (SIMPLE_EDGE)
Reducer 35 <- Map 34 (SIMPLE_EDGE), Reducer 38 (SIMPLE_EDGE)
Reducer 36 <- Reducer 35 (SIMPLE_EDGE)
Reducer 38 <- Map 37 (SIMPLE_EDGE)
Reducer 4 <- Reducer 3 (SIMPLE_EDGE)
Reducer 5 <- Reducer 18 (SIMPLE_EDGE), Reducer 30 (SIMPLE_EDGE), Reducer 4 (SIMPLE_EDGE)
Reducer 6 <- Reducer 5 (SIMPLE_EDGE)
Reducer 9 <- Map 8 (SIMPLE_EDGE), Reducer 12 (SIMPLE_EDGE)

Stage-0
  Fetch Operator
    limit:100
    Stage-1
      Reducer 6
      File Output Operator [FS_134]
        Limit [LIM_133] (rows=100 width=77)
          Number of rows:100
          Select Operator [SEL_132] (rows=76653825 width=77)
            Output:["_col0","_col1","_col2","_col3","_col4","_col5","_col6","_col7"]
          <-Reducer 5 [SIMPLE_EDGE]
            SHUFFLE [RS_131]
              Select Operator [SEL_130] (rows=76653825 width=77)
                Output:["_col0","_col1","_col2","_col3","_col4","_col5","_col6","_col7"]
                Merge Join Operator [MERGEJOIN_228] (rows=76653825 width=77)
                  Conds:RS_126._col0=RS_127._col0(Inner),RS_126._col0=RS_128._col0(Inner),Output:["_col0","_col1","_col3","_col5"]
                <-Reducer 18 [SIMPLE_EDGE]
                  SHUFFLE [RS_127]
                    PartitionCols:_col0
                    Group By Operator [GBY_82] (rows=34842647 width=77)
                      Output:["_col0","_col1"],aggregations:["sum(VALUE._col0)"],keys:KEY._col0
                    <-Reducer 17 [SIMPLE_EDGE]
                      SHUFFLE [RS_81]
                        PartitionCols:_col0
                        Group By Operator [GBY_80] (rows=69685294 width=77)
                          Output:["_col0","_col1"],aggregations:["sum(_col2)"],keys:_col4
                          Select Operator [SEL_79] (rows=69685294 width=77)
                            Output:["_col4","_col2"]
                            Merge Join Operator [MERGEJOIN_226] (rows=69685294 width=77)
                              Conds:RS_76._col0=RS_77._col0(Inner),Output:["_col2","_col4"]
                            <-Reducer 16 [SIMPLE_EDGE]
                              SHUFFLE [RS_76]
                                PartitionCols:_col0
                                Merge Join Operator [MERGEJOIN_219] (rows=63350266 width=77)
                                  Conds:RS_73._col1=RS_74._col0(Inner),Output:["_col0","_col2","_col4"]
                                <-Map 15 [SIMPLE_EDGE]
                                  SHUFFLE [RS_73]
                                    PartitionCols:_col1
                                    Select Operator [SEL_44] (rows=57591150 width=77)
                                      Output:["_col0","_col1","_col2"]
                                      Filter Operator [FIL_206] (rows=57591150 width=77)
                                        predicate:(sr_item_sk is not null and sr_returned_date_sk is not null)
                                        TableScan [TS_42] (rows=57591150 width=77)
                                          default@store_returns,store_returns,Tbl:COMPLETE,Col:NONE,Output:["sr_returned_date_sk","sr_item_sk","sr_return_quantity"]
                                <-Map 19 [SIMPLE_EDGE]
                                  SHUFFLE [RS_74]
                                    PartitionCols:_col0
                                    Select Operator [SEL_47] (rows=462000 width=1436)
                                      Output:["_col0","_col1"]
                                      Filter Operator [FIL_207] (rows=462000 width=1436)
                                        predicate:(i_item_sk is not null and i_item_id is not null)
                                        TableScan [TS_45] (rows=462000 width=1436)
                                          default@item,item,Tbl:COMPLETE,Col:NONE,Output:["i_item_sk","i_item_id"]
                            <-Reducer 21 [SIMPLE_EDGE]
                              SHUFFLE [RS_77]
                                PartitionCols:_col0
                                Merge Join Operator [MERGEJOIN_221] (rows=80353 width=1119)
                                  Conds:RS_69._col1=RS_70._col0(Inner),Output:["_col0"]
                                <-Map 20 [SIMPLE_EDGE]
                                  SHUFFLE [RS_69]
                                    PartitionCols:_col1
                                    Select Operator [SEL_50] (rows=73049 width=1119)
                                      Output:["_col0","_col1"]
                                      Filter Operator [FIL_208] (rows=73049 width=1119)
                                        predicate:(d_date is not null and d_date_sk is not null)
                                        TableScan [TS_48] (rows=73049 width=1119)
                                          default@date_dim,date_dim,Tbl:COMPLETE,Col:NONE,Output:["d_date_sk","d_date"]
                                <-Reducer 24 [SIMPLE_EDGE]
                                  SHUFFLE [RS_70]
                                    PartitionCols:_col0
                                    Group By Operator [GBY_67] (rows=40176 width=1119)
                                      Output:["_col0"],keys:KEY._col0
                                    <-Reducer 23 [SIMPLE_EDGE]
                                      SHUFFLE [RS_66]
                                        PartitionCols:_col0
                                        Group By Operator [GBY_65] (rows=80353 width=1119)
                                          Output:["_col0"],keys:_col0
                                          Merge Join Operator [MERGEJOIN_220] (rows=80353 width=1119)
                                            Conds:RS_61._col1=RS_62._col0(Inner),Output:["_col0"]
                                          <-Map 22 [SIMPLE_EDGE]
                                            SHUFFLE [RS_61]
                                              PartitionCols:_col1
                                              Select Operator [SEL_53] (rows=73049 width=1119)
                                                Output:["_col0","_col1"]
                                                Filter Operator [FIL_209] (rows=73049 width=1119)
                                                  predicate:(d_week_seq is not null and d_date is not null)
                                                  TableScan [TS_51] (rows=73049 width=1119)
                                                    default@date_dim,date_dim,Tbl:COMPLETE,Col:NONE,Output:["d_date","d_week_seq"]
                                          <-Reducer 26 [SIMPLE_EDGE]
                                            SHUFFLE [RS_62]
                                              PartitionCols:_col0
                                              Group By Operator [GBY_59] (rows=18262 width=1119)
                                                Output:["_col0"],keys:KEY._col0
                                              <-Map 25 [SIMPLE_EDGE]
                                                SHUFFLE [RS_58]
                                                  PartitionCols:_col0
                                                  Group By Operator [GBY_57] (rows=36525 width=1119)
                                                    Output:["_col0"],keys:d_week_seq
                                                    Select Operator [SEL_56] (rows=36525 width=1119)
                                                      Output:["d_week_seq"]
                                                      Filter Operator [FIL_210] (rows=36525 width=1119)
                                                        predicate:((d_date) IN ('1998-01-02', '1998-10-15', '1998-11-10') and d_week_seq is not null)
                                                        TableScan [TS_54] (rows=73049 width=1119)
                                                          default@date_dim,date_dim,Tbl:COMPLETE,Col:NONE,Output:["d_date","d_week_seq"]
                <-Reducer 30 [SIMPLE_EDGE]
                  SHUFFLE [RS_128]
                    PartitionCols:_col0
                    Group By Operator [GBY_124] (rows=8711072 width=92)
                      Output:["_col0","_col1"],aggregations:["sum(VALUE._col0)"],keys:KEY._col0
                    <-Reducer 29 [SIMPLE_EDGE]
                      SHUFFLE [RS_123]
                        PartitionCols:_col0
                        Group By Operator [GBY_122] (rows=17422145 width=92)
                          Output:["_col0","_col1"],aggregations:["sum(_col2)"],keys:_col4
                          Select Operator [SEL_121] (rows=17422145 width=92)
                            Output:["_col4","_col2"]
                            Merge Join Operator [MERGEJOIN_227] (rows=17422145 width=92)
                              Conds:RS_118._col0=RS_119._col0(Inner),Output:["_col2","_col4"]
                            <-Reducer 28 [SIMPLE_EDGE]
                              SHUFFLE [RS_118]
                                PartitionCols:_col0
                                Merge Join Operator [MERGEJOIN_222] (rows=15838314 width=92)
                                  Conds:RS_115._col1=RS_116._col0(Inner),Output:["_col0","_col2","_col4"]
                                <-Map 27 [SIMPLE_EDGE]
                                  SHUFFLE [RS_115]
                                    PartitionCols:_col1
                                    Select Operator [SEL_86] (rows=14398467 width=92)
                                      Output:["_col0","_col1","_col2"]
                                      Filter Operator [FIL_211] (rows=14398467 width=92)
                                        predicate:(wr_item_sk is not null and wr_returned_date_sk is not null)
                                        TableScan [TS_84] (rows=14398467 width=92)
                                          default@web_returns,web_returns,Tbl:COMPLETE,Col:NONE,Output:["wr_returned_date_sk","wr_item_sk","wr_return_quantity"]
                                <-Map 31 [SIMPLE_EDGE]
                                  SHUFFLE [RS_116]
                                    PartitionCols:_col0
                                    Select Operator [SEL_89] (rows=462000 width=1436)
                                      Output:["_col0","_col1"]
                                      Filter Operator [FIL_212] (rows=462000 width=1436)
                                        predicate:(i_item_sk is not null and i_item_id is not null)
                                        TableScan [TS_87] (rows=462000 width=1436)
                                          default@item,item,Tbl:COMPLETE,Col:NONE,Output:["i_item_sk","i_item_id"]
                            <-Reducer 33 [SIMPLE_EDGE]
                              SHUFFLE [RS_119]
                                PartitionCols:_col0
                                Merge Join Operator [MERGEJOIN_224] (rows=80353 width=1119)
                                  Conds:RS_111._col1=RS_112._col0(Inner),Output:["_col0"]
                                <-Map 32 [SIMPLE_EDGE]
                                  SHUFFLE [RS_111]
                                    PartitionCols:_col1
                                    Select Operator [SEL_92] (rows=73049 width=1119)
                                      Output:["_col0","_col1"]
                                      Filter Operator [FIL_213] (rows=73049 width=1119)
                                        predicate:(d_date is not null and d_date_sk is not null)
                                        TableScan [TS_90] (rows=73049 width=1119)
                                          default@date_dim,date_dim,Tbl:COMPLETE,Col:NONE,Output:["d_date_sk","d_date"]
                                <-Reducer 36 [SIMPLE_EDGE]
                                  SHUFFLE [RS_112]
                                    PartitionCols:_col0
                                    Group By Operator [GBY_109] (rows=40176 width=1119)
                                      Output:["_col0"],keys:KEY._col0
                                    <-Reducer 35 [SIMPLE_EDGE]
                                      SHUFFLE [RS_108]
                                        PartitionCols:_col0
                                        Group By Operator [GBY_107] (rows=80353 width=1119)
                                          Output:["_col0"],keys:_col0
                                          Merge Join Operator [MERGEJOIN_223] (rows=80353 width=1119)
                                            Conds:RS_103._col1=RS_104._col0(Inner),Output:["_col0"]
                                          <-Map 34 [SIMPLE_EDGE]
                                            SHUFFLE [RS_103]
                                              PartitionCols:_col1
                                              Select Operator [SEL_95] (rows=73049 width=1119)
                                                Output:["_col0","_col1"]
                                                Filter Operator [FIL_214] (rows=73049 width=1119)
                                                  predicate:(d_week_seq is not null and d_date is not null)
                                                  TableScan [TS_93] (rows=73049 width=1119)
                                                    default@date_dim,date_dim,Tbl:COMPLETE,Col:NONE,Output:["d_date","d_week_seq"]
                                          <-Reducer 38 [SIMPLE_EDGE]
                                            SHUFFLE [RS_104]
                                              PartitionCols:_col0
                                              Group By Operator [GBY_101] (rows=18262 width=1119)
                                                Output:["_col0"],keys:KEY._col0
                                              <-Map 37 [SIMPLE_EDGE]
                                                SHUFFLE [RS_100]
                                                  PartitionCols:_col0
                                                  Group By Operator [GBY_99] (rows=36525 width=1119)
                                                    Output:["_col0"],keys:d_week_seq
                                                    Select Operator [SEL_98] (rows=36525 width=1119)
                                                      Output:["d_week_seq"]
                                                      Filter Operator [FIL_215] (rows=36525 width=1119)
                                                        predicate:((d_date) IN ('1998-01-02', '1998-10-15', '1998-11-10') and d_week_seq is not null)
                                                        TableScan [TS_96] (rows=73049 width=1119)
                                                          default@date_dim,date_dim,Tbl:COMPLETE,Col:NONE,Output:["d_date","d_week_seq"]
                <-Reducer 4 [SIMPLE_EDGE]
                  SHUFFLE [RS_126]
                    PartitionCols:_col0
                    Group By Operator [GBY_40] (rows=17423323 width=106)
                      Output:["_col0","_col1"],aggregations:["sum(VALUE._col0)"],keys:KEY._col0
                    <-Reducer 3 [SIMPLE_EDGE]
                      SHUFFLE [RS_39]
                        PartitionCols:_col0
                        Group By Operator [GBY_38] (rows=34846646 width=106)
                          Output:["_col0","_col1"],aggregations:["sum(_col2)"],keys:_col4
                          Select Operator [SEL_37] (rows=34846646 width=106)
                            Output:["_col4","_col2"]
                            Merge Join Operator [MERGEJOIN_225] (rows=34846646 width=106)
                              Conds:RS_34._col0=RS_35._col0(Inner),Output:["_col2","_col4"]
                            <-Reducer 2 [SIMPLE_EDGE]
                              SHUFFLE [RS_34]
                                PartitionCols:_col0
                                Merge Join Operator [MERGEJOIN_216] (rows=31678769 width=106)
                                  Conds:RS_31._col1=RS_32._col0(Inner),Output:["_col0","_col2","_col4"]
                                <-Map 1 [SIMPLE_EDGE]
                                  SHUFFLE [RS_31]
                                    PartitionCols:_col1
                                    Select Operator [SEL_2] (rows=28798881 width=106)
                                      Output:["_col0","_col1","_col2"]
                                      Filter Operator [FIL_201] (rows=28798881 width=106)
                                        predicate:(cr_item_sk is not null and cr_returned_date_sk is not null)
                                        TableScan [TS_0] (rows=28798881 width=106)
                                          default@catalog_returns,catalog_returns,Tbl:COMPLETE,Col:NONE,Output:["cr_returned_date_sk","cr_item_sk","cr_return_quantity"]
                                <-Map 7 [SIMPLE_EDGE]
                                  SHUFFLE [RS_32]
                                    PartitionCols:_col0
                                    Select Operator [SEL_5] (rows=462000 width=1436)
                                      Output:["_col0","_col1"]
                                      Filter Operator [FIL_202] (rows=462000 width=1436)
                                        predicate:(i_item_sk is not null and i_item_id is not null)
                                        TableScan [TS_3] (rows=462000 width=1436)
                                          default@item,item,Tbl:COMPLETE,Col:NONE,Output:["i_item_sk","i_item_id"]
                            <-Reducer 9 [SIMPLE_EDGE]
                              SHUFFLE [RS_35]
                                PartitionCols:_col0
                                Merge Join Operator [MERGEJOIN_218] (rows=80353 width=1119)
                                  Conds:RS_27._col1=RS_28._col0(Inner),Output:["_col0"]
                                <-Map 8 [SIMPLE_EDGE]
                                  SHUFFLE [RS_27]
                                    PartitionCols:_col1
                                    Select Operator [SEL_8] (rows=73049 width=1119)
                                      Output:["_col0","_col1"]
                                      Filter Operator [FIL_203] (rows=73049 width=1119)
                                        predicate:(d_date is not null and d_date_sk is not null)
                                        TableScan [TS_6] (rows=73049 width=1119)
                                          default@date_dim,date_dim,Tbl:COMPLETE,Col:NONE,Output:["d_date_sk","d_date"]
                                <-Reducer 12 [SIMPLE_EDGE]
                                  SHUFFLE [RS_28]
                                    PartitionCols:_col0
                                    Group By Operator [GBY_25] (rows=40176 width=1119)
                                      Output:["_col0"],keys:KEY._col0
                                    <-Reducer 11 [SIMPLE_EDGE]
                                      SHUFFLE [RS_24]
                                        PartitionCols:_col0
                                        Group By Operator [GBY_23] (rows=80353 width=1119)
                                          Output:["_col0"],keys:_col0
                                          Merge Join Operator [MERGEJOIN_217] (rows=80353 width=1119)
                                            Conds:RS_19._col1=RS_20._col0(Inner),Output:["_col0"]
                                          <-Map 10 [SIMPLE_EDGE]
                                            SHUFFLE [RS_19]
                                              PartitionCols:_col1
                                              Select Operator [SEL_11] (rows=73049 width=1119)
                                                Output:["_col0","_col1"]
                                                Filter Operator [FIL_204] (rows=73049 width=1119)
                                                  predicate:(d_week_seq is not null and d_date is not null)
                                                  TableScan [TS_9] (rows=73049 width=1119)
                                                    default@date_dim,date_dim,Tbl:COMPLETE,Col:NONE,Output:["d_date","d_week_seq"]
                                          <-Reducer 14 [SIMPLE_EDGE]
                                            SHUFFLE [RS_20]
                                              PartitionCols:_col0
                                              Group By Operator [GBY_17] (rows=18262 width=1119)
                                                Output:["_col0"],keys:KEY._col0
                                              <-Map 13 [SIMPLE_EDGE]
                                                SHUFFLE [RS_16]
                                                  PartitionCols:_col0
                                                  Group By Operator [GBY_15] (rows=36525 width=1119)
                                                    Output:["_col0"],keys:d_week_seq
                                                    Select Operator [SEL_14] (rows=36525 width=1119)
                                                      Output:["d_week_seq"]
                                                      Filter Operator [FIL_205] (rows=36525 width=1119)
                                                        predicate:((d_date) IN ('1998-01-02', '1998-10-15', '1998-11-10') and d_week_seq is not null)
                                                        TableScan [TS_12] (rows=73049 width=1119)
                                                          default@date_dim,date_dim,Tbl:COMPLETE,Col:NONE,Output:["d_date","d_week_seq"]

