PREHOOK: query: explain select  
  cd_gender,
  cd_marital_status,
  cd_education_status,
  count(*) cnt1,
  cd_purchase_estimate,
  count(*) cnt2,
  cd_credit_rating,
  count(*) cnt3
 from
  customer c,customer_address ca,customer_demographics
 where
  c.c_current_addr_sk = ca.ca_address_sk and
  ca_state in ('CO','IL','MN') and
  cd_demo_sk = c.c_current_cdemo_sk and 
  exists (select *
          from store_sales,date_dim
          where c.c_customer_sk = ss_customer_sk and
                ss_sold_date_sk = d_date_sk and
                d_year = 1999 and
                d_moy between 1 and 1+2) and
   (not exists (select *
            from web_sales,date_dim
            where c.c_customer_sk = ws_bill_customer_sk and
                  ws_sold_date_sk = d_date_sk and
                  d_year = 1999 and
                  d_moy between 1 and 1+2) and
    not exists (select * 
            from catalog_sales,date_dim
            where c.c_customer_sk = cs_ship_customer_sk and
                  cs_sold_date_sk = d_date_sk and
                  d_year = 1999 and
                  d_moy between 1 and 1+2))
 group by cd_gender,
          cd_marital_status,
          cd_education_status,
          cd_purchase_estimate,
          cd_credit_rating
 order by cd_gender,
          cd_marital_status,
          cd_education_status,
          cd_purchase_estimate,
          cd_credit_rating
 limit 100
PREHOOK: type: QUERY
POSTHOOK: query: explain select  
  cd_gender,
  cd_marital_status,
  cd_education_status,
  count(*) cnt1,
  cd_purchase_estimate,
  count(*) cnt2,
  cd_credit_rating,
  count(*) cnt3
 from
  customer c,customer_address ca,customer_demographics
 where
  c.c_current_addr_sk = ca.ca_address_sk and
  ca_state in ('CO','IL','MN') and
  cd_demo_sk = c.c_current_cdemo_sk and 
  exists (select *
          from store_sales,date_dim
          where c.c_customer_sk = ss_customer_sk and
                ss_sold_date_sk = d_date_sk and
                d_year = 1999 and
                d_moy between 1 and 1+2) and
   (not exists (select *
            from web_sales,date_dim
            where c.c_customer_sk = ws_bill_customer_sk and
                  ws_sold_date_sk = d_date_sk and
                  d_year = 1999 and
                  d_moy between 1 and 1+2) and
    not exists (select * 
            from catalog_sales,date_dim
            where c.c_customer_sk = cs_ship_customer_sk and
                  cs_sold_date_sk = d_date_sk and
                  d_year = 1999 and
                  d_moy between 1 and 1+2))
 group by cd_gender,
          cd_marital_status,
          cd_education_status,
          cd_purchase_estimate,
          cd_credit_rating
 order by cd_gender,
          cd_marital_status,
          cd_education_status,
          cd_purchase_estimate,
          cd_credit_rating
 limit 100
POSTHOOK: type: QUERY
Plan optimized by CBO.

Vertex dependency in root stage
Reducer 10 <- Map 12 (SIMPLE_EDGE), Map 9 (SIMPLE_EDGE)
Reducer 11 <- Reducer 10 (SIMPLE_EDGE)
Reducer 14 <- Map 13 (SIMPLE_EDGE), Map 16 (SIMPLE_EDGE)
Reducer 15 <- Reducer 14 (SIMPLE_EDGE)
Reducer 19 <- Map 18 (SIMPLE_EDGE), Map 21 (SIMPLE_EDGE)
Reducer 2 <- Map 1 (SIMPLE_EDGE), Map 8 (SIMPLE_EDGE)
Reducer 20 <- Reducer 19 (SIMPLE_EDGE)
Reducer 3 <- Reducer 11 (SIMPLE_EDGE), Reducer 15 (SIMPLE_EDGE), Reducer 2 (SIMPLE_EDGE)
Reducer 4 <- Map 17 (SIMPLE_EDGE), Reducer 3 (SIMPLE_EDGE)
Reducer 5 <- Reducer 20 (SIMPLE_EDGE), Reducer 4 (SIMPLE_EDGE)
Reducer 6 <- Reducer 5 (SIMPLE_EDGE)
Reducer 7 <- Reducer 6 (SIMPLE_EDGE)

Stage-0
  Fetch Operator
    limit:100
    Stage-1
      Reducer 7
      File Output Operator [FS_76]
        Limit [LIM_75] (rows=100 width=88)
          Number of rows:100
          Select Operator [SEL_74] (rows=52707204 width=88)
            Output:["_col0","_col1","_col2","_col3","_col4","_col5","_col6","_col7"]
          <-Reducer 6 [SIMPLE_EDGE]
            SHUFFLE [RS_73]
              Select Operator [SEL_72] (rows=52707204 width=88)
                Output:["_col0","_col1","_col2","_col3","_col4","_col6"]
                Group By Operator [GBY_71] (rows=52707204 width=88)
                  Output:["_col0","_col1","_col2","_col3","_col4","_col5"],aggregations:["count(VALUE._col0)"],keys:KEY._col0, KEY._col1, KEY._col2, KEY._col3, KEY._col4
                <-Reducer 5 [SIMPLE_EDGE]
                  SHUFFLE [RS_70]
                    PartitionCols:_col0, _col1, _col2, _col3, _col4
                    Group By Operator [GBY_69] (rows=105414409 width=88)
                      Output:["_col0","_col1","_col2","_col3","_col4","_col5"],aggregations:["count()"],keys:_col6, _col7, _col8, _col9, _col10
                      Select Operator [SEL_68] (rows=105414409 width=88)
                        Output:["_col6","_col7","_col8","_col9","_col10"]
                        Filter Operator [FIL_67] (rows=105414409 width=88)
                          predicate:_col15 is null
                          Merge Join Operator [MERGEJOIN_117] (rows=210828818 width=88)
                            Conds:RS_64._col0=RS_65._col0(Left Outer),Output:["_col6","_col7","_col8","_col9","_col10","_col15"]
                          <-Reducer 20 [SIMPLE_EDGE]
                            SHUFFLE [RS_65]
                              PartitionCols:_col0
                              Select Operator [SEL_63] (rows=79197206 width=135)
                                Output:["_col0","_col1"]
                                Group By Operator [GBY_62] (rows=79197206 width=135)
                                  Output:["_col0"],keys:KEY._col0
                                <-Reducer 19 [SIMPLE_EDGE]
                                  SHUFFLE [RS_61]
                                    PartitionCols:_col0
                                    Group By Operator [GBY_60] (rows=158394413 width=135)
                                      Output:["_col0"],keys:_col1
                                      Merge Join Operator [MERGEJOIN_116] (rows=158394413 width=135)
                                        Conds:RS_56._col0=RS_57._col0(Inner),Output:["_col1"]
                                      <-Map 18 [SIMPLE_EDGE]
                                        SHUFFLE [RS_56]
                                          PartitionCols:_col0
                                          Select Operator [SEL_52] (rows=143994918 width=135)
                                            Output:["_col0","_col1"]
                                            Filter Operator [FIL_109] (rows=143994918 width=135)
                                              predicate:((cs_ship_customer_sk = cs_ship_customer_sk) and cs_sold_date_sk is not null)
                                              TableScan [TS_50] (rows=287989836 width=135)
                                                default@catalog_sales,catalog_sales,Tbl:COMPLETE,Col:NONE,Output:["cs_sold_date_sk","cs_ship_customer_sk"]
                                      <-Map 21 [SIMPLE_EDGE]
                                        SHUFFLE [RS_57]
                                          PartitionCols:_col0
                                          Select Operator [SEL_55] (rows=4058 width=1119)
                                            Output:["_col0"]
                                            Filter Operator [FIL_110] (rows=4058 width=1119)
                                              predicate:((d_year = 1999) and d_moy BETWEEN 1 AND 3 and d_date_sk is not null)
                                              TableScan [TS_53] (rows=73049 width=1119)
                                                default@date_dim,date_dim,Tbl:COMPLETE,Col:NONE,Output:["d_date_sk","d_year","d_moy"]
                          <-Reducer 4 [SIMPLE_EDGE]
                            SHUFFLE [RS_64]
                              PartitionCols:_col0
                              Select Operator [SEL_49] (rows=191662558 width=88)
                                Output:["_col0","_col10","_col6","_col7","_col8","_col9"]
                                Filter Operator [FIL_48] (rows=191662558 width=88)
                                  predicate:_col13 is null
                                  Select Operator [SEL_47] (rows=383325116 width=88)
                                    Output:["_col0","_col6","_col7","_col8","_col9","_col10","_col13"]
                                    Merge Join Operator [MERGEJOIN_115] (rows=383325116 width=88)
                                      Conds:RS_44._col1=RS_45._col0(Inner),Output:["_col0","_col7","_col9","_col10","_col11","_col12","_col13"]
                                    <-Map 17 [SIMPLE_EDGE]
                                      SHUFFLE [RS_45]
                                        PartitionCols:_col0
                                        Select Operator [SEL_36] (rows=1861800 width=385)
                                          Output:["_col0","_col1","_col2","_col3","_col4","_col5"]
                                          Filter Operator [FIL_108] (rows=1861800 width=385)
                                            predicate:cd_demo_sk is not null
                                            TableScan [TS_34] (rows=1861800 width=385)
                                              default@customer_demographics,customer_demographics,Tbl:COMPLETE,Col:NONE,Output:["cd_demo_sk","cd_gender","cd_marital_status","cd_education_status","cd_purchase_estimate","cd_credit_rating"]
                                    <-Reducer 3 [SIMPLE_EDGE]
                                      SHUFFLE [RS_44]
                                        PartitionCols:_col1
                                        Merge Join Operator [MERGEJOIN_114] (rows=348477371 width=88)
                                          Conds:RS_40._col0=RS_41._col0(Inner),RS_40._col0=RS_42._col0(Left Outer),Output:["_col0","_col1","_col7"]
                                        <-Reducer 11 [SIMPLE_EDGE]
                                          SHUFFLE [RS_41]
                                            PartitionCols:_col0
                                            Group By Operator [GBY_18] (rows=158398802 width=88)
                                              Output:["_col0"],keys:KEY._col0
                                            <-Reducer 10 [SIMPLE_EDGE]
                                              SHUFFLE [RS_17]
                                                PartitionCols:_col0
                                                Group By Operator [GBY_16] (rows=316797605 width=88)
                                                  Output:["_col0"],keys:_col1
                                                  Merge Join Operator [MERGEJOIN_112] (rows=316797605 width=88)
                                                    Conds:RS_12._col0=RS_13._col0(Inner),Output:["_col1"]
                                                  <-Map 12 [SIMPLE_EDGE]
                                                    SHUFFLE [RS_13]
                                                      PartitionCols:_col0
                                                      Select Operator [SEL_11] (rows=4058 width=1119)
                                                        Output:["_col0"]
                                                        Filter Operator [FIL_105] (rows=4058 width=1119)
                                                          predicate:((d_year = 1999) and d_moy BETWEEN 1 AND 3 and d_date_sk is not null)
                                                          TableScan [TS_9] (rows=73049 width=1119)
                                                            default@date_dim,date_dim,Tbl:COMPLETE,Col:NONE,Output:["d_date_sk","d_year","d_moy"]
                                                  <-Map 9 [SIMPLE_EDGE]
                                                    SHUFFLE [RS_12]
                                                      PartitionCols:_col0
                                                      Select Operator [SEL_8] (rows=287997817 width=88)
                                                        Output:["_col0","_col1"]
                                                        Filter Operator [FIL_104] (rows=287997817 width=88)
                                                          predicate:((ss_customer_sk = ss_customer_sk) and ss_sold_date_sk is not null)
                                                          TableScan [TS_6] (rows=575995635 width=88)
                                                            default@store_sales,store_sales,Tbl:COMPLETE,Col:NONE,Output:["ss_sold_date_sk","ss_customer_sk"]
                                        <-Reducer 15 [SIMPLE_EDGE]
                                          SHUFFLE [RS_42]
                                            PartitionCols:_col0
                                            Select Operator [SEL_33] (rows=39600734 width=135)
                                              Output:["_col0","_col1"]
                                              Group By Operator [GBY_32] (rows=39600734 width=135)
                                                Output:["_col0"],keys:KEY._col0
                                              <-Reducer 14 [SIMPLE_EDGE]
                                                SHUFFLE [RS_31]
                                                  PartitionCols:_col0
                                                  Group By Operator [GBY_30] (rows=79201469 width=135)
                                                    Output:["_col0"],keys:_col1
                                                    Merge Join Operator [MERGEJOIN_113] (rows=79201469 width=135)
                                                      Conds:RS_26._col0=RS_27._col0(Inner),Output:["_col1"]
                                                    <-Map 13 [SIMPLE_EDGE]
                                                      SHUFFLE [RS_26]
                                                        PartitionCols:_col0
                                                        Select Operator [SEL_22] (rows=72001334 width=135)
                                                          Output:["_col0","_col1"]
                                                          Filter Operator [FIL_106] (rows=72001334 width=135)
                                                            predicate:((ws_bill_customer_sk = ws_bill_customer_sk) and ws_sold_date_sk is not null)
                                                            TableScan [TS_20] (rows=144002668 width=135)
                                                              default@web_sales,web_sales,Tbl:COMPLETE,Col:NONE,Output:["ws_sold_date_sk","ws_bill_customer_sk"]
                                                    <-Map 16 [SIMPLE_EDGE]
                                                      SHUFFLE [RS_27]
                                                        PartitionCols:_col0
                                                        Select Operator [SEL_25] (rows=4058 width=1119)
                                                          Output:["_col0"]
                                                          Filter Operator [FIL_107] (rows=4058 width=1119)
                                                            predicate:((d_year = 1999) and d_moy BETWEEN 1 AND 3 and d_date_sk is not null)
                                                            TableScan [TS_23] (rows=73049 width=1119)
                                                              default@date_dim,date_dim,Tbl:COMPLETE,Col:NONE,Output:["d_date_sk","d_year","d_moy"]
                                        <-Reducer 2 [SIMPLE_EDGE]
                                          SHUFFLE [RS_40]
                                            PartitionCols:_col0
                                            Merge Join Operator [MERGEJOIN_111] (rows=88000001 width=860)
                                              Conds:RS_37._col2=RS_38._col0(Inner),Output:["_col0","_col1"]
                                            <-Map 1 [SIMPLE_EDGE]
                                              SHUFFLE [RS_37]
                                                PartitionCols:_col2
                                                Select Operator [SEL_2] (rows=80000000 width=860)
                                                  Output:["_col0","_col1","_col2"]
                                                  Filter Operator [FIL_102] (rows=80000000 width=860)
                                                    predicate:(c_current_addr_sk is not null and c_current_cdemo_sk is not null)
                                                    TableScan [TS_0] (rows=80000000 width=860)
                                                      default@customer,c,Tbl:COMPLETE,Col:NONE,Output:["c_customer_sk","c_current_cdemo_sk","c_current_addr_sk"]
                                            <-Map 8 [SIMPLE_EDGE]
                                              SHUFFLE [RS_38]
                                                PartitionCols:_col0
                                                Select Operator [SEL_5] (rows=20000000 width=1014)
                                                  Output:["_col0"]
                                                  Filter Operator [FIL_103] (rows=20000000 width=1014)
                                                    predicate:((ca_state) IN ('CO', 'IL', 'MN') and ca_address_sk is not null)
                                                    TableScan [TS_3] (rows=40000000 width=1014)
                                                      default@customer_address,ca,Tbl:COMPLETE,Col:NONE,Output:["ca_address_sk","ca_state"]

