PREHOOK: query: explain
with ssr as
 (select s_store_id,
        sum(sales_price) as sales,
        sum(profit) as profit,
        sum(return_amt) as returns,
        sum(net_loss) as profit_loss
 from
  ( select  ss_store_sk as store_sk,
            ss_sold_date_sk  as date_sk,
            ss_ext_sales_price as sales_price,
            ss_net_profit as profit,
            cast(0 as decimal(7,2)) as return_amt,
            cast(0 as decimal(7,2)) as net_loss
    from store_sales
    union all
    select sr_store_sk as store_sk,
           sr_returned_date_sk as date_sk,
           cast(0 as decimal(7,2)) as sales_price,
           cast(0 as decimal(7,2)) as profit,
           sr_return_amt as return_amt,
           sr_net_loss as net_loss
    from store_returns
   ) salesreturns,
     date_dim,
     store
 where date_sk = d_date_sk
       and d_date between cast('1998-08-04' as date) 
                  and (cast('1998-08-04' as date) +  14 days)
       and store_sk = s_store_sk
 group by s_store_id)
 ,
 csr as
 (select cp_catalog_page_id,
        sum(sales_price) as sales,
        sum(profit) as profit,
        sum(return_amt) as returns,
        sum(net_loss) as profit_loss
 from
  ( select  cs_catalog_page_sk as page_sk,
            cs_sold_date_sk  as date_sk,
            cs_ext_sales_price as sales_price,
            cs_net_profit as profit,
            cast(0 as decimal(7,2)) as return_amt,
            cast(0 as decimal(7,2)) as net_loss
    from catalog_sales
    union all
    select cr_catalog_page_sk as page_sk,
           cr_returned_date_sk as date_sk,
           cast(0 as decimal(7,2)) as sales_price,
           cast(0 as decimal(7,2)) as profit,
           cr_return_amount as return_amt,
           cr_net_loss as net_loss
    from catalog_returns
   ) salesreturns,
     date_dim,
     catalog_page
 where date_sk = d_date_sk
       and d_date between cast('1998-08-04' as date)
                  and (cast('1998-08-04' as date) +  14 days)
       and page_sk = cp_catalog_page_sk
 group by cp_catalog_page_id)
 ,
 wsr as
 (select web_site_id,
        sum(sales_price) as sales,
        sum(profit) as profit,
        sum(return_amt) as returns,
        sum(net_loss) as profit_loss
 from
  ( select  ws_web_site_sk as wsr_web_site_sk,
            ws_sold_date_sk  as date_sk,
            ws_ext_sales_price as sales_price,
            ws_net_profit as profit,
            cast(0 as decimal(7,2)) as return_amt,
            cast(0 as decimal(7,2)) as net_loss
    from web_sales
    union all
    select ws_web_site_sk as wsr_web_site_sk,
           wr_returned_date_sk as date_sk,
           cast(0 as decimal(7,2)) as sales_price,
           cast(0 as decimal(7,2)) as profit,
           wr_return_amt as return_amt,
           wr_net_loss as net_loss
    from web_returns left outer join web_sales on
         ( wr_item_sk = ws_item_sk
           and wr_order_number = ws_order_number)
   ) salesreturns,
     date_dim,
     web_site
 where date_sk = d_date_sk
       and d_date between cast('1998-08-04' as date)
                  and (cast('1998-08-04' as date) +  14 days)
       and wsr_web_site_sk = web_site_sk
 group by web_site_id)
  select  channel
        , id
        , sum(sales) as sales
        , sum(returns) as returns
        , sum(profit) as profit
 from 
 (select 'store channel' as channel
        , 'store' || s_store_id as id
        , sales
        , returns
        , (profit - profit_loss) as profit
 from   ssr
 union all
 select 'catalog channel' as channel
        , 'catalog_page' || cp_catalog_page_id as id
        , sales
        , returns
        , (profit - profit_loss) as profit
 from  csr
 union all
 select 'web channel' as channel
        , 'web_site' || web_site_id as id
        , sales
        , returns
        , (profit - profit_loss) as profit
 from   wsr
 ) x
 group by rollup (channel, id)
 order by channel
         ,id
 limit 100
PREHOOK: type: QUERY
POSTHOOK: query: explain
with ssr as
 (select s_store_id,
        sum(sales_price) as sales,
        sum(profit) as profit,
        sum(return_amt) as returns,
        sum(net_loss) as profit_loss
 from
  ( select  ss_store_sk as store_sk,
            ss_sold_date_sk  as date_sk,
            ss_ext_sales_price as sales_price,
            ss_net_profit as profit,
            cast(0 as decimal(7,2)) as return_amt,
            cast(0 as decimal(7,2)) as net_loss
    from store_sales
    union all
    select sr_store_sk as store_sk,
           sr_returned_date_sk as date_sk,
           cast(0 as decimal(7,2)) as sales_price,
           cast(0 as decimal(7,2)) as profit,
           sr_return_amt as return_amt,
           sr_net_loss as net_loss
    from store_returns
   ) salesreturns,
     date_dim,
     store
 where date_sk = d_date_sk
       and d_date between cast('1998-08-04' as date) 
                  and (cast('1998-08-04' as date) +  14 days)
       and store_sk = s_store_sk
 group by s_store_id)
 ,
 csr as
 (select cp_catalog_page_id,
        sum(sales_price) as sales,
        sum(profit) as profit,
        sum(return_amt) as returns,
        sum(net_loss) as profit_loss
 from
  ( select  cs_catalog_page_sk as page_sk,
            cs_sold_date_sk  as date_sk,
            cs_ext_sales_price as sales_price,
            cs_net_profit as profit,
            cast(0 as decimal(7,2)) as return_amt,
            cast(0 as decimal(7,2)) as net_loss
    from catalog_sales
    union all
    select cr_catalog_page_sk as page_sk,
           cr_returned_date_sk as date_sk,
           cast(0 as decimal(7,2)) as sales_price,
           cast(0 as decimal(7,2)) as profit,
           cr_return_amount as return_amt,
           cr_net_loss as net_loss
    from catalog_returns
   ) salesreturns,
     date_dim,
     catalog_page
 where date_sk = d_date_sk
       and d_date between cast('1998-08-04' as date)
                  and (cast('1998-08-04' as date) +  14 days)
       and page_sk = cp_catalog_page_sk
 group by cp_catalog_page_id)
 ,
 wsr as
 (select web_site_id,
        sum(sales_price) as sales,
        sum(profit) as profit,
        sum(return_amt) as returns,
        sum(net_loss) as profit_loss
 from
  ( select  ws_web_site_sk as wsr_web_site_sk,
            ws_sold_date_sk  as date_sk,
            ws_ext_sales_price as sales_price,
            ws_net_profit as profit,
            cast(0 as decimal(7,2)) as return_amt,
            cast(0 as decimal(7,2)) as net_loss
    from web_sales
    union all
    select ws_web_site_sk as wsr_web_site_sk,
           wr_returned_date_sk as date_sk,
           cast(0 as decimal(7,2)) as sales_price,
           cast(0 as decimal(7,2)) as profit,
           wr_return_amt as return_amt,
           wr_net_loss as net_loss
    from web_returns left outer join web_sales on
         ( wr_item_sk = ws_item_sk
           and wr_order_number = ws_order_number)
   ) salesreturns,
     date_dim,
     web_site
 where date_sk = d_date_sk
       and d_date between cast('1998-08-04' as date)
                  and (cast('1998-08-04' as date) +  14 days)
       and wsr_web_site_sk = web_site_sk
 group by web_site_id)
  select  channel
        , id
        , sum(sales) as sales
        , sum(returns) as returns
        , sum(profit) as profit
 from 
 (select 'store channel' as channel
        , 'store' || s_store_id as id
        , sales
        , returns
        , (profit - profit_loss) as profit
 from   ssr
 union all
 select 'catalog channel' as channel
        , 'catalog_page' || cp_catalog_page_id as id
        , sales
        , returns
        , (profit - profit_loss) as profit
 from  csr
 union all
 select 'web channel' as channel
        , 'web_site' || web_site_id as id
        , sales
        , returns
        , (profit - profit_loss) as profit
 from   wsr
 ) x
 group by rollup (channel, id)
 order by channel
         ,id
 limit 100
POSTHOOK: type: QUERY
Plan optimized by CBO.

Vertex dependency in root stage
Map 1 <- Union 2 (CONTAINS)
Map 12 <- Union 13 (CONTAINS)
Map 17 <- Union 13 (CONTAINS)
Map 20 <- Union 21 (CONTAINS)
Map 9 <- Union 2 (CONTAINS)
Reducer 14 <- Map 18 (SIMPLE_EDGE), Union 13 (SIMPLE_EDGE)
Reducer 15 <- Map 19 (SIMPLE_EDGE), Reducer 14 (SIMPLE_EDGE)
Reducer 16 <- Reducer 15 (SIMPLE_EDGE), Union 6 (CONTAINS)
Reducer 22 <- Map 28 (SIMPLE_EDGE), Union 21 (SIMPLE_EDGE)
Reducer 23 <- Map 29 (SIMPLE_EDGE), Reducer 22 (SIMPLE_EDGE)
Reducer 24 <- Reducer 23 (SIMPLE_EDGE), Union 6 (CONTAINS)
Reducer 26 <- Map 25 (SIMPLE_EDGE), Map 27 (SIMPLE_EDGE), Union 21 (CONTAINS)
Reducer 3 <- Map 10 (SIMPLE_EDGE), Union 2 (SIMPLE_EDGE)
Reducer 4 <- Map 11 (SIMPLE_EDGE), Reducer 3 (SIMPLE_EDGE)
Reducer 5 <- Reducer 4 (SIMPLE_EDGE), Union 6 (CONTAINS)
Reducer 7 <- Union 6 (SIMPLE_EDGE)
Reducer 8 <- Reducer 7 (SIMPLE_EDGE)

Stage-0
  Fetch Operator
    limit:100
    Stage-1
      Reducer 8
      File Output Operator [FS_93]
        Limit [LIM_92] (rows=100 width=110)
          Number of rows:100
          Select Operator [SEL_91] (rows=1136898901 width=110)
            Output:["_col0","_col1","_col2","_col3","_col4"]
          <-Reducer 7 [SIMPLE_EDGE]
            SHUFFLE [RS_90]
              Select Operator [SEL_89] (rows=1136898901 width=110)
                Output:["_col0","_col1","_col2","_col3","_col4"]
                Group By Operator [GBY_88] (rows=1136898901 width=110)
                  Output:["_col0","_col1","_col3","_col4","_col5"],aggregations:["sum(VALUE._col0)","sum(VALUE._col1)","sum(VALUE._col2)"],keys:KEY._col0, KEY._col1, KEY._col2
                <-Union 6 [SIMPLE_EDGE]
                  <-Reducer 16 [CONTAINS]
                    Reduce Output Operator [RS_87]
                      PartitionCols:_col0, _col1, _col2
                      Group By Operator [GBY_86] (rows=2273797803 width=110)
                        Output:["_col0","_col1","_col2","_col3","_col4","_col5"],aggregations:["sum(_col2)","sum(_col3)","sum(_col4)"],keys:_col0, _col1, 0
                        Select Operator [SEL_49] (rows=191657181 width=132)
                          Output:["_col0","_col1","_col2","_col3","_col4"]
                          Group By Operator [GBY_48] (rows=191657181 width=132)
                            Output:["_col0","_col1","_col2","_col3","_col4"],aggregations:["sum(VALUE._col0)","sum(VALUE._col1)","sum(VALUE._col2)","sum(VALUE._col3)"],keys:KEY._col0
                          <-Reducer 15 [SIMPLE_EDGE]
                            SHUFFLE [RS_47]
                              PartitionCols:_col0
                              Group By Operator [GBY_46] (rows=383314363 width=132)
                                Output:["_col0","_col1","_col2","_col3","_col4"],aggregations:["sum(_col2)","sum(_col4)","sum(_col3)","sum(_col5)"],keys:_col9
                                Select Operator [SEL_45] (rows=383314363 width=132)
                                  Output:["_col9","_col2","_col4","_col3","_col5"]
                                  Merge Join Operator [MERGEJOIN_136] (rows=383314363 width=132)
                                    Conds:RS_42._col0=RS_43._col0(Inner),Output:["_col2","_col3","_col4","_col5","_col9"]
                                  <-Map 19 [SIMPLE_EDGE]
                                    SHUFFLE [RS_43]
                                      PartitionCols:_col0
                                      Select Operator [SEL_38] (rows=46000 width=460)
                                        Output:["_col0","_col1"]
                                        Filter Operator [FIL_126] (rows=46000 width=460)
                                          predicate:cp_catalog_page_sk is not null
                                          TableScan [TS_36] (rows=46000 width=460)
                                            default@catalog_page,catalog_page,Tbl:COMPLETE,Col:NONE,Output:["cp_catalog_page_sk","cp_catalog_page_id"]
                                  <-Reducer 14 [SIMPLE_EDGE]
                                    SHUFFLE [RS_42]
                                      PartitionCols:_col0
                                      Merge Join Operator [MERGEJOIN_135] (rows=348467596 width=132)
                                        Conds:Union 13._col1=RS_40._col0(Inner),Output:["_col0","_col2","_col3","_col4","_col5"]
                                      <-Map 18 [SIMPLE_EDGE]
                                        SHUFFLE [RS_40]
                                          PartitionCols:_col0
                                          Select Operator [SEL_35] (rows=8116 width=1119)
                                            Output:["_col0"]
                                            Filter Operator [FIL_125] (rows=8116 width=1119)
                                              predicate:(d_date BETWEEN 1998-08-04 AND 1998-08-18 00:00:00.0 and d_date_sk is not null)
                                              TableScan [TS_33] (rows=73049 width=1119)
                                                default@date_dim,date_dim,Tbl:COMPLETE,Col:NONE,Output:["d_date_sk","d_date"]
                                      <-Union 13 [SIMPLE_EDGE]
                                        <-Map 12 [CONTAINS]
                                          Reduce Output Operator [RS_39]
                                            PartitionCols:_col1
                                            Select Operator [SEL_27] (rows=287989836 width=135)
                                              Output:["_col0","_col1","_col2","_col3","_col4","_col5"]
                                              Filter Operator [FIL_123] (rows=287989836 width=135)
                                                predicate:(cs_sold_date_sk is not null and cs_catalog_page_sk is not null)
                                                TableScan [TS_25] (rows=287989836 width=135)
                                                  Output:["cs_sold_date_sk","cs_catalog_page_sk","cs_ext_sales_price","cs_net_profit"]
                                        <-Map 17 [CONTAINS]
                                          Reduce Output Operator [RS_39]
                                            PartitionCols:_col1
                                            Select Operator [SEL_30] (rows=28798881 width=106)
                                              Output:["_col0","_col1","_col2","_col3","_col4","_col5"]
                                              Filter Operator [FIL_124] (rows=28798881 width=106)
                                                predicate:(cr_returned_date_sk is not null and cr_catalog_page_sk is not null)
                                                TableScan [TS_28] (rows=28798881 width=106)
                                                  Output:["cr_returned_date_sk","cr_catalog_page_sk","cr_return_amount","cr_net_loss"]
                  <-Reducer 24 [CONTAINS]
                    Reduce Output Operator [RS_87]
                      PartitionCols:_col0, _col1, _col2
                      Group By Operator [GBY_86] (rows=2273797803 width=110)
                        Output:["_col0","_col1","_col2","_col3","_col4","_col5"],aggregations:["sum(_col2)","sum(_col3)","sum(_col4)"],keys:_col0, _col1, 0
                        Select Operator [SEL_83] (rows=182955399 width=135)
                          Output:["_col0","_col1","_col2","_col3","_col4"]
                          Group By Operator [GBY_82] (rows=182955399 width=135)
                            Output:["_col0","_col1","_col2","_col3","_col4"],aggregations:["sum(VALUE._col0)","sum(VALUE._col1)","sum(VALUE._col2)","sum(VALUE._col3)"],keys:KEY._col0
                          <-Reducer 23 [SIMPLE_EDGE]
                            SHUFFLE [RS_81]
                              PartitionCols:_col0
                              Group By Operator [GBY_80] (rows=365910798 width=135)
                                Output:["_col0","_col1","_col2","_col3","_col4"],aggregations:["sum(_col2)","sum(_col4)","sum(_col3)","sum(_col5)"],keys:_col9
                                Select Operator [SEL_79] (rows=365910798 width=135)
                                  Output:["_col9","_col2","_col4","_col3","_col5"]
                                  Merge Join Operator [MERGEJOIN_138] (rows=365910798 width=135)
                                    Conds:RS_76._col0=RS_77._col0(Inner),Output:["_col2","_col3","_col4","_col5","_col9"]
                                  <-Map 29 [SIMPLE_EDGE]
                                    SHUFFLE [RS_77]
                                      PartitionCols:_col0
                                      Select Operator [SEL_72] (rows=84 width=1850)
                                        Output:["_col0","_col1"]
                                        Filter Operator [FIL_131] (rows=84 width=1850)
                                          predicate:web_site_sk is not null
                                          TableScan [TS_70] (rows=84 width=1850)
                                            default@web_site,web_site,Tbl:COMPLETE,Col:NONE,Output:["web_site_sk","web_site_id"]
                                  <-Reducer 22 [SIMPLE_EDGE]
                                    SHUFFLE [RS_76]
                                      PartitionCols:_col0
                                      Merge Join Operator [MERGEJOIN_137] (rows=332646173 width=135)
                                        Conds:Union 21._col1=RS_74._col0(Inner),Output:["_col0","_col2","_col3","_col4","_col5"]
                                      <-Map 28 [SIMPLE_EDGE]
                                        SHUFFLE [RS_74]
                                          PartitionCols:_col0
                                          Select Operator [SEL_69] (rows=8116 width=1119)
                                            Output:["_col0"]
                                            Filter Operator [FIL_130] (rows=8116 width=1119)
                                              predicate:(d_date BETWEEN 1998-08-04 AND 1998-08-18 00:00:00.0 and d_date_sk is not null)
                                              TableScan [TS_67] (rows=73049 width=1119)
                                                default@date_dim,date_dim,Tbl:COMPLETE,Col:NONE,Output:["d_date_sk","d_date"]
                                      <-Union 21 [SIMPLE_EDGE]
                                        <-Map 20 [CONTAINS]
                                          Reduce Output Operator [RS_73]
                                            PartitionCols:_col1
                                            Select Operator [SEL_54] (rows=144002668 width=135)
                                              Output:["_col0","_col1","_col2","_col3","_col4","_col5"]
                                              Filter Operator [FIL_127] (rows=144002668 width=135)
                                                predicate:(ws_sold_date_sk is not null and ws_web_site_sk is not null)
                                                TableScan [TS_52] (rows=144002668 width=135)
                                                  Output:["ws_sold_date_sk","ws_web_site_sk","ws_ext_sales_price","ws_net_profit"]
                                        <-Reducer 26 [CONTAINS]
                                          Reduce Output Operator [RS_73]
                                            PartitionCols:_col1
                                            Select Operator [SEL_64] (rows=158402938 width=135)
                                              Output:["_col0","_col1","_col2","_col3","_col4","_col5"]
                                              Merge Join Operator [MERGEJOIN_132] (rows=158402938 width=135)
                                                Conds:RS_61._col0, _col2=RS_62._col1, _col2(Inner),Output:["_col1","_col3","_col6","_col7"]
                                              <-Map 25 [SIMPLE_EDGE]
                                                SHUFFLE [RS_61]
                                                  PartitionCols:_col0, _col2
                                                  Select Operator [SEL_57] (rows=144002668 width=135)
                                                    Output:["_col0","_col1","_col2"]
                                                    Filter Operator [FIL_128] (rows=144002668 width=135)
                                                      predicate:(ws_web_site_sk is not null and ws_order_number is not null and ws_item_sk is not null)
                                                      TableScan [TS_55] (rows=144002668 width=135)
                                                        default@web_sales,web_sales,Tbl:COMPLETE,Col:NONE,Output:["ws_item_sk","ws_web_site_sk","ws_order_number"]
                                              <-Map 27 [SIMPLE_EDGE]
                                                SHUFFLE [RS_62]
                                                  PartitionCols:_col1, _col2
                                                  Select Operator [SEL_60] (rows=14398467 width=92)
                                                    Output:["_col0","_col1","_col2","_col3","_col4"]
                                                    Filter Operator [FIL_129] (rows=14398467 width=92)
                                                      predicate:(wr_returned_date_sk is not null and wr_item_sk is not null and wr_order_number is not null)
                                                      TableScan [TS_58] (rows=14398467 width=92)
                                                        default@web_returns,web_returns,Tbl:COMPLETE,Col:NONE,Output:["wr_returned_date_sk","wr_item_sk","wr_order_number","wr_return_amt","wr_net_loss"]
                  <-Reducer 5 [CONTAINS]
                    Reduce Output Operator [RS_87]
                      PartitionCols:_col0, _col1, _col2
                      Group By Operator [GBY_86] (rows=2273797803 width=110)
                        Output:["_col0","_col1","_col2","_col3","_col4","_col5"],aggregations:["sum(_col2)","sum(_col3)","sum(_col4)"],keys:_col0, _col1, 0
                        Select Operator [SEL_24] (rows=383320021 width=87)
                          Output:["_col0","_col1","_col2","_col3","_col4"]
                          Group By Operator [GBY_23] (rows=383320021 width=87)
                            Output:["_col0","_col1","_col2","_col3","_col4"],aggregations:["sum(VALUE._col0)","sum(VALUE._col1)","sum(VALUE._col2)","sum(VALUE._col3)"],keys:KEY._col0
                          <-Reducer 4 [SIMPLE_EDGE]
                            SHUFFLE [RS_22]
                              PartitionCols:_col0
                              Group By Operator [GBY_21] (rows=766640042 width=87)
                                Output:["_col0","_col1","_col2","_col3","_col4"],aggregations:["sum(_col2)","sum(_col4)","sum(_col3)","sum(_col5)"],keys:_col9
                                Select Operator [SEL_20] (rows=766640042 width=87)
                                  Output:["_col9","_col2","_col4","_col3","_col5"]
                                  Merge Join Operator [MERGEJOIN_134] (rows=766640042 width=87)
                                    Conds:RS_17._col0=RS_18._col0(Inner),Output:["_col2","_col3","_col4","_col5","_col9"]
                                  <-Map 11 [SIMPLE_EDGE]
                                    SHUFFLE [RS_18]
                                      PartitionCols:_col0
                                      Select Operator [SEL_13] (rows=1704 width=1910)
                                        Output:["_col0","_col1"]
                                        Filter Operator [FIL_122] (rows=1704 width=1910)
                                          predicate:s_store_sk is not null
                                          TableScan [TS_11] (rows=1704 width=1910)
                                            default@store,store,Tbl:COMPLETE,Col:NONE,Output:["s_store_sk","s_store_id"]
                                  <-Reducer 3 [SIMPLE_EDGE]
                                    SHUFFLE [RS_17]
                                      PartitionCols:_col0
                                      Merge Join Operator [MERGEJOIN_133] (rows=696945478 width=87)
                                        Conds:Union 2._col1=RS_15._col0(Inner),Output:["_col0","_col2","_col3","_col4","_col5"]
                                      <-Map 10 [SIMPLE_EDGE]
                                        SHUFFLE [RS_15]
                                          PartitionCols:_col0
                                          Select Operator [SEL_10] (rows=8116 width=1119)
                                            Output:["_col0"]
                                            Filter Operator [FIL_121] (rows=8116 width=1119)
                                              predicate:(d_date BETWEEN 1998-08-04 AND 1998-08-18 00:00:00.0 and d_date_sk is not null)
                                              TableScan [TS_8] (rows=73049 width=1119)
                                                default@date_dim,date_dim,Tbl:COMPLETE,Col:NONE,Output:["d_date_sk","d_date"]
                                      <-Union 2 [SIMPLE_EDGE]
                                        <-Map 1 [CONTAINS]
                                          Reduce Output Operator [RS_14]
                                            PartitionCols:_col1
                                            Select Operator [SEL_2] (rows=575995635 width=88)
                                              Output:["_col0","_col1","_col2","_col3","_col4","_col5"]
                                              Filter Operator [FIL_119] (rows=575995635 width=88)
                                                predicate:(ss_sold_date_sk is not null and ss_store_sk is not null)
                                                TableScan [TS_0] (rows=575995635 width=88)
                                                  Output:["ss_sold_date_sk","ss_store_sk","ss_ext_sales_price","ss_net_profit"]
                                        <-Map 9 [CONTAINS]
                                          Reduce Output Operator [RS_14]
                                            PartitionCols:_col1
                                            Select Operator [SEL_5] (rows=57591150 width=77)
                                              Output:["_col0","_col1","_col2","_col3","_col4","_col5"]
                                              Filter Operator [FIL_120] (rows=57591150 width=77)
                                                predicate:(sr_returned_date_sk is not null and sr_store_sk is not null)
                                                TableScan [TS_3] (rows=57591150 width=77)
                                                  Output:["sr_returned_date_sk","sr_store_sk","sr_return_amt","sr_net_loss"]

