PREHOOK: query: explain with customer_total_return as
(select sr_customer_sk as ctr_customer_sk
,sr_store_sk as ctr_store_sk
,sum(SR_FEE) as ctr_total_return
from store_returns
,date_dim
where sr_returned_date_sk = d_date_sk
and d_year =2000
group by sr_customer_sk
,sr_store_sk)
 select  c_customer_id
from customer_total_return ctr1
,store
,customer
where ctr1.ctr_total_return > (select avg(ctr_total_return)*1.2
from customer_total_return ctr2
where ctr1.ctr_store_sk = ctr2.ctr_store_sk)
and s_store_sk = ctr1.ctr_store_sk
and s_state = 'NM'
and ctr1.ctr_customer_sk = c_customer_sk
order by c_customer_id
limit 100
PREHOOK: type: QUERY
POSTHOOK: query: explain with customer_total_return as
(select sr_customer_sk as ctr_customer_sk
,sr_store_sk as ctr_store_sk
,sum(SR_FEE) as ctr_total_return
from store_returns
,date_dim
where sr_returned_date_sk = d_date_sk
and d_year =2000
group by sr_customer_sk
,sr_store_sk)
 select  c_customer_id
from customer_total_return ctr1
,store
,customer
where ctr1.ctr_total_return > (select avg(ctr_total_return)*1.2
from customer_total_return ctr2
where ctr1.ctr_store_sk = ctr2.ctr_store_sk)
and s_store_sk = ctr1.ctr_store_sk
and s_state = 'NM'
and ctr1.ctr_customer_sk = c_customer_sk
order by c_customer_id
limit 100
POSTHOOK: type: QUERY
Plan optimized by CBO.

Vertex dependency in root stage
Reducer 13 <- Map 12 (SIMPLE_EDGE), Map 15 (SIMPLE_EDGE)
Reducer 14 <- Reducer 13 (SIMPLE_EDGE)
Reducer 17 <- Map 16 (SIMPLE_EDGE), Map 19 (SIMPLE_EDGE)
Reducer 18 <- Reducer 17 (SIMPLE_EDGE)
Reducer 2 <- Map 1 (SIMPLE_EDGE), Map 9 (SIMPLE_EDGE)
Reducer 3 <- Reducer 2 (SIMPLE_EDGE)
Reducer 4 <- Map 10 (SIMPLE_EDGE), Reducer 3 (SIMPLE_EDGE)
Reducer 5 <- Map 11 (SIMPLE_EDGE), Reducer 4 (SIMPLE_EDGE)
Reducer 6 <- Reducer 14 (SIMPLE_EDGE), Reducer 5 (SIMPLE_EDGE)
Reducer 7 <- Reducer 18 (SIMPLE_EDGE), Reducer 6 (SIMPLE_EDGE)
Reducer 8 <- Reducer 7 (SIMPLE_EDGE)

Stage-0
  Fetch Operator
    limit:100
    Stage-1
      Reducer 8
      File Output Operator [FS_82]
        Limit [LIM_81] (rows=100 width=860)
          Number of rows:100
          Select Operator [SEL_80] (rows=35493335 width=860)
            Output:["_col0"]
          <-Reducer 7 [SIMPLE_EDGE]
            SHUFFLE [RS_79]
              Select Operator [SEL_78] (rows=35493335 width=860)
                Output:["_col0"]
                Filter Operator [FIL_77] (rows=35493335 width=860)
                  predicate:(_col2 > CASE WHEN (_col10 is null) THEN (null) ELSE (_col9) END)
                  Merge Join Operator [MERGEJOIN_114] (rows=106480005 width=860)
                    Conds:RS_74._col1=RS_75._col2(Left Outer),Output:["_col2","_col6","_col9","_col10"]
                  <-Reducer 18 [SIMPLE_EDGE]
                    SHUFFLE [RS_75]
                      PartitionCols:_col2
                      Select Operator [SEL_73] (rows=7918783 width=77)
                        Output:["_col0","_col1","_col2"]
                        Group By Operator [GBY_72] (rows=7918783 width=77)
                          Output:["_col0","_col1"],aggregations:["avg(_col2)"],keys:_col1
                          Select Operator [SEL_68] (rows=15837566 width=77)
                            Output:["_col1","_col2"]
                            Group By Operator [GBY_67] (rows=15837566 width=77)
                              Output:["_col0","_col1","_col2"],aggregations:["sum(VALUE._col0)"],keys:KEY._col0, KEY._col1
                            <-Reducer 17 [SIMPLE_EDGE]
                              SHUFFLE [RS_66]
                                PartitionCols:_col0
                                Group By Operator [GBY_65] (rows=31675133 width=77)
                                  Output:["_col0","_col1","_col2"],aggregations:["sum(_col3)"],keys:_col2, _col1
                                  Select Operator [SEL_64] (rows=31675133 width=77)
                                    Output:["_col2","_col1","_col3"]
                                    Merge Join Operator [MERGEJOIN_112] (rows=31675133 width=77)
                                      Conds:RS_61._col0=RS_62._col0(Inner),Output:["_col1","_col2","_col3"]
                                    <-Map 16 [SIMPLE_EDGE]
                                      SHUFFLE [RS_61]
                                        PartitionCols:_col0
                                        Select Operator [SEL_57] (rows=28795575 width=77)
                                          Output:["_col0","_col1","_col2","_col3"]
                                          Filter Operator [FIL_106] (rows=28795575 width=77)
                                            predicate:((sr_store_sk = sr_store_sk) and sr_returned_date_sk is not null)
                                            TableScan [TS_55] (rows=57591150 width=77)
                                              default@store_returns,store_returns,Tbl:COMPLETE,Col:NONE,Output:["sr_returned_date_sk","sr_customer_sk","sr_store_sk","sr_fee"]
                                    <-Map 19 [SIMPLE_EDGE]
                                      SHUFFLE [RS_62]
                                        PartitionCols:_col0
                                        Select Operator [SEL_60] (rows=36524 width=1119)
                                          Output:["_col0"]
                                          Filter Operator [FIL_107] (rows=36524 width=1119)
                                            predicate:((d_year = 2000) and d_date_sk is not null)
                                            TableScan [TS_58] (rows=73049 width=1119)
                                              default@date_dim,date_dim,Tbl:COMPLETE,Col:NONE,Output:["d_date_sk","d_year"]
                  <-Reducer 6 [SIMPLE_EDGE]
                    SHUFFLE [RS_74]
                      PartitionCols:_col1
                      Merge Join Operator [MERGEJOIN_113] (rows=96800003 width=860)
                        Conds:RS_51._col1=RS_52._col0(Left Outer),Output:["_col1","_col2","_col6"]
                      <-Reducer 14 [SIMPLE_EDGE]
                        SHUFFLE [RS_52]
                          PartitionCols:_col0
                          Select Operator [SEL_44] (rows=1319797 width=77)
                            Output:["_col0"]
                            Filter Operator [FIL_43] (rows=1319797 width=77)
                              predicate:(sq_count_check(_col1) <= 1)
                              Group By Operator [GBY_42] (rows=3959391 width=77)
                                Output:["_col0","_col1"],aggregations:["count()"],keys:_col0
                                Group By Operator [GBY_37] (rows=7918783 width=77)
                                  Output:["_col0"],keys:_col1
                                  Select Operator [SEL_33] (rows=15837566 width=77)
                                    Output:["_col1"]
                                    Group By Operator [GBY_32] (rows=15837566 width=77)
                                      Output:["_col0","_col1","_col2"],aggregations:["sum(VALUE._col0)"],keys:KEY._col0, KEY._col1
                                    <-Reducer 13 [SIMPLE_EDGE]
                                      SHUFFLE [RS_31]
                                        PartitionCols:_col0
                                        Group By Operator [GBY_30] (rows=31675133 width=77)
                                          Output:["_col0","_col1","_col2"],aggregations:["sum(_col3)"],keys:_col2, _col1
                                          Select Operator [SEL_29] (rows=31675133 width=77)
                                            Output:["_col2","_col1","_col3"]
                                            Merge Join Operator [MERGEJOIN_111] (rows=31675133 width=77)
                                              Conds:RS_26._col0=RS_27._col0(Inner),Output:["_col1","_col2","_col3"]
                                            <-Map 12 [SIMPLE_EDGE]
                                              SHUFFLE [RS_26]
                                                PartitionCols:_col0
                                                Select Operator [SEL_22] (rows=28795575 width=77)
                                                  Output:["_col0","_col1","_col2","_col3"]
                                                  Filter Operator [FIL_104] (rows=28795575 width=77)
                                                    predicate:((sr_store_sk = sr_store_sk) and sr_returned_date_sk is not null)
                                                    TableScan [TS_20] (rows=57591150 width=77)
                                                      default@store_returns,store_returns,Tbl:COMPLETE,Col:NONE,Output:["sr_returned_date_sk","sr_customer_sk","sr_store_sk","sr_fee"]
                                            <-Map 15 [SIMPLE_EDGE]
                                              SHUFFLE [RS_27]
                                                PartitionCols:_col0
                                                Select Operator [SEL_25] (rows=36524 width=1119)
                                                  Output:["_col0"]
                                                  Filter Operator [FIL_105] (rows=36524 width=1119)
                                                    predicate:((d_year = 2000) and d_date_sk is not null)
                                                    TableScan [TS_23] (rows=73049 width=1119)
                                                      default@date_dim,date_dim,Tbl:COMPLETE,Col:NONE,Output:["d_date_sk","d_year"]
                      <-Reducer 5 [SIMPLE_EDGE]
                        SHUFFLE [RS_51]
                          PartitionCols:_col1
                          Merge Join Operator [MERGEJOIN_110] (rows=88000001 width=860)
                            Conds:RS_48._col0=RS_49._col0(Inner),Output:["_col1","_col2","_col6"]
                          <-Map 11 [SIMPLE_EDGE]
                            SHUFFLE [RS_49]
                              PartitionCols:_col0
                              Select Operator [SEL_19] (rows=80000000 width=860)
                                Output:["_col0","_col1"]
                                Filter Operator [FIL_103] (rows=80000000 width=860)
                                  predicate:c_customer_sk is not null
                                  TableScan [TS_17] (rows=80000000 width=860)
                                    default@customer,customer,Tbl:COMPLETE,Col:NONE,Output:["c_customer_sk","c_customer_id"]
                          <-Reducer 4 [SIMPLE_EDGE]
                            SHUFFLE [RS_48]
                              PartitionCols:_col0
                              Merge Join Operator [MERGEJOIN_109] (rows=34842647 width=77)
                                Conds:RS_45._col1=RS_46._col0(Inner),Output:["_col0","_col1","_col2"]
                              <-Map 10 [SIMPLE_EDGE]
                                SHUFFLE [RS_46]
                                  PartitionCols:_col0
                                  Select Operator [SEL_16] (rows=852 width=1910)
                                    Output:["_col0"]
                                    Filter Operator [FIL_102] (rows=852 width=1910)
                                      predicate:((s_state = 'NM') and s_store_sk is not null)
                                      TableScan [TS_14] (rows=1704 width=1910)
                                        default@store,store,Tbl:COMPLETE,Col:NONE,Output:["s_store_sk","s_state"]
                              <-Reducer 3 [SIMPLE_EDGE]
                                SHUFFLE [RS_45]
                                  PartitionCols:_col1
                                  Select Operator [SEL_13] (rows=31675133 width=77)
                                    Output:["_col0","_col1","_col2"]
                                    Group By Operator [GBY_12] (rows=31675133 width=77)
                                      Output:["_col0","_col1","_col2"],aggregations:["sum(VALUE._col0)"],keys:KEY._col0, KEY._col1
                                    <-Reducer 2 [SIMPLE_EDGE]
                                      SHUFFLE [RS_11]
                                        PartitionCols:_col0, _col1
                                        Group By Operator [GBY_10] (rows=63350266 width=77)
                                          Output:["_col0","_col1","_col2"],aggregations:["sum(_col3)"],keys:_col2, _col1
                                          Select Operator [SEL_9] (rows=63350266 width=77)
                                            Output:["_col2","_col1","_col3"]
                                            Merge Join Operator [MERGEJOIN_108] (rows=63350266 width=77)
                                              Conds:RS_6._col0=RS_7._col0(Inner),Output:["_col1","_col2","_col3"]
                                            <-Map 1 [SIMPLE_EDGE]
                                              SHUFFLE [RS_6]
                                                PartitionCols:_col0
                                                Select Operator [SEL_2] (rows=57591150 width=77)
                                                  Output:["_col0","_col1","_col2","_col3"]
                                                  Filter Operator [FIL_100] (rows=57591150 width=77)
                                                    predicate:(sr_returned_date_sk is not null and sr_store_sk is not null and sr_customer_sk is not null)
                                                    TableScan [TS_0] (rows=57591150 width=77)
                                                      default@store_returns,store_returns,Tbl:COMPLETE,Col:NONE,Output:["sr_returned_date_sk","sr_customer_sk","sr_store_sk","sr_fee"]
                                            <-Map 9 [SIMPLE_EDGE]
                                              SHUFFLE [RS_7]
                                                PartitionCols:_col0
                                                Select Operator [SEL_5] (rows=36524 width=1119)
                                                  Output:["_col0"]
                                                  Filter Operator [FIL_101] (rows=36524 width=1119)
                                                    predicate:((d_year = 2000) and d_date_sk is not null)
                                                    TableScan [TS_3] (rows=73049 width=1119)
                                                      default@date_dim,date_dim,Tbl:COMPLETE,Col:NONE,Output:["d_date_sk","d_year"]

