PREHOOK: query: explain with customer_total_return as
 (select cr_returning_customer_sk as ctr_customer_sk
        ,ca_state as ctr_state, 
 	sum(cr_return_amt_inc_tax) as ctr_total_return
 from catalog_returns
     ,date_dim
     ,customer_address
 where cr_returned_date_sk = d_date_sk 
   and d_year =1998
   and cr_returning_addr_sk = ca_address_sk 
 group by cr_returning_customer_sk
         ,ca_state )
  select  c_customer_id,c_salutation,c_first_name,c_last_name,ca_street_number,ca_street_name
                   ,ca_street_type,ca_suite_number,ca_city,ca_county,ca_state,ca_zip,ca_country,ca_gmt_offset
                  ,ca_location_type,ctr_total_return
 from customer_total_return ctr1
     ,customer_address
     ,customer
 where ctr1.ctr_total_return > (select avg(ctr_total_return)*1.2
 			  from customer_total_return ctr2 
                  	  where ctr1.ctr_state = ctr2.ctr_state)
       and ca_address_sk = c_current_addr_sk
       and ca_state = 'IL'
       and ctr1.ctr_customer_sk = c_customer_sk
 order by c_customer_id,c_salutation,c_first_name,c_last_name,ca_street_number,ca_street_name
                   ,ca_street_type,ca_suite_number,ca_city,ca_county,ca_state,ca_zip,ca_country,ca_gmt_offset
                  ,ca_location_type,ctr_total_return
 limit 100
PREHOOK: type: QUERY
POSTHOOK: query: explain with customer_total_return as
 (select cr_returning_customer_sk as ctr_customer_sk
        ,ca_state as ctr_state, 
 	sum(cr_return_amt_inc_tax) as ctr_total_return
 from catalog_returns
     ,date_dim
     ,customer_address
 where cr_returned_date_sk = d_date_sk 
   and d_year =1998
   and cr_returning_addr_sk = ca_address_sk 
 group by cr_returning_customer_sk
         ,ca_state )
  select  c_customer_id,c_salutation,c_first_name,c_last_name,ca_street_number,ca_street_name
                   ,ca_street_type,ca_suite_number,ca_city,ca_county,ca_state,ca_zip,ca_country,ca_gmt_offset
                  ,ca_location_type,ctr_total_return
 from customer_total_return ctr1
     ,customer_address
     ,customer
 where ctr1.ctr_total_return > (select avg(ctr_total_return)*1.2
 			  from customer_total_return ctr2 
                  	  where ctr1.ctr_state = ctr2.ctr_state)
       and ca_address_sk = c_current_addr_sk
       and ca_state = 'IL'
       and ctr1.ctr_customer_sk = c_customer_sk
 order by c_customer_id,c_salutation,c_first_name,c_last_name,ca_street_number,ca_street_name
                   ,ca_street_type,ca_suite_number,ca_city,ca_county,ca_state,ca_zip,ca_country,ca_gmt_offset
                  ,ca_location_type,ctr_total_return
 limit 100
POSTHOOK: type: QUERY
Plan optimized by CBO.

Vertex dependency in root stage
Reducer 10 <- Reducer 9 (SIMPLE_EDGE)
Reducer 11 <- Reducer 10 (SIMPLE_EDGE), Reducer 17 (SIMPLE_EDGE)
Reducer 15 <- Map 14 (SIMPLE_EDGE), Map 18 (SIMPLE_EDGE)
Reducer 16 <- Map 19 (SIMPLE_EDGE), Reducer 15 (SIMPLE_EDGE)
Reducer 17 <- Reducer 16 (SIMPLE_EDGE)
Reducer 2 <- Map 1 (SIMPLE_EDGE), Map 6 (SIMPLE_EDGE)
Reducer 21 <- Map 20 (SIMPLE_EDGE), Map 24 (SIMPLE_EDGE)
Reducer 22 <- Map 25 (SIMPLE_EDGE), Reducer 21 (SIMPLE_EDGE)
Reducer 23 <- Reducer 22 (SIMPLE_EDGE)
Reducer 3 <- Reducer 11 (SIMPLE_EDGE), Reducer 2 (SIMPLE_EDGE)
Reducer 4 <- Reducer 23 (SIMPLE_EDGE), Reducer 3 (SIMPLE_EDGE)
Reducer 5 <- Reducer 4 (SIMPLE_EDGE)
Reducer 8 <- Map 12 (SIMPLE_EDGE), Map 7 (SIMPLE_EDGE)
Reducer 9 <- Map 13 (SIMPLE_EDGE), Reducer 8 (SIMPLE_EDGE)

Stage-0
  Fetch Operator
    limit:100
    Stage-1
      Reducer 5
      File Output Operator [FS_101]
        Limit [LIM_100] (rows=100 width=860)
          Number of rows:100
          Select Operator [SEL_99] (rows=35493335 width=860)
            Output:["_col0","_col1","_col2","_col3","_col4","_col5","_col6","_col7","_col8","_col9","_col10","_col11","_col12","_col13","_col14","_col15"]
          <-Reducer 4 [SIMPLE_EDGE]
            SHUFFLE [RS_98]
              Select Operator [SEL_97] (rows=35493335 width=860)
                Output:["_col0","_col1","_col11","_col12","_col13","_col14","_col15","_col2","_col3","_col4","_col5","_col6","_col7","_col8","_col9"]
                Filter Operator [FIL_96] (rows=35493335 width=860)
                  predicate:(_col2 > CASE WHEN (_col24 is null) THEN (null) ELSE (_col23) END)
                  Merge Join Operator [MERGEJOIN_153] (rows=106480005 width=860)
                    Conds:RS_93._col1=RS_94._col2(Left Outer),Output:["_col2","_col4","_col5","_col6","_col7","_col8","_col9","_col11","_col12","_col13","_col14","_col16","_col18","_col19","_col20","_col23","_col24"]
                  <-Reducer 23 [SIMPLE_EDGE]
                    SHUFFLE [RS_94]
                      PartitionCols:_col2
                      Select Operator [SEL_92] (rows=8711661 width=106)
                        Output:["_col0","_col1","_col2"]
                        Group By Operator [GBY_91] (rows=8711661 width=106)
                          Output:["_col0","_col1"],aggregations:["avg(_col2)"],keys:_col0
                          Select Operator [SEL_87] (rows=17423323 width=106)
                            Output:["_col0","_col2"]
                            Group By Operator [GBY_86] (rows=17423323 width=106)
                              Output:["_col0","_col1","_col2"],aggregations:["sum(VALUE._col0)"],keys:KEY._col0, KEY._col1
                            <-Reducer 22 [SIMPLE_EDGE]
                              SHUFFLE [RS_85]
                                PartitionCols:_col0
                                Group By Operator [GBY_84] (rows=34846646 width=106)
                                  Output:["_col0","_col1","_col2"],aggregations:["sum(_col3)"],keys:_col7, _col1
                                  Select Operator [SEL_83] (rows=34846646 width=106)
                                    Output:["_col7","_col1","_col3"]
                                    Merge Join Operator [MERGEJOIN_150] (rows=34846646 width=106)
                                      Conds:RS_80._col2=RS_81._col0(Inner),Output:["_col1","_col3","_col7"]
                                    <-Map 25 [SIMPLE_EDGE]
                                      SHUFFLE [RS_81]
                                        PartitionCols:_col0
                                        Select Operator [SEL_76] (rows=20000000 width=1014)
                                          Output:["_col0","_col1"]
                                          Filter Operator [FIL_143] (rows=20000000 width=1014)
                                            predicate:((ca_state = ca_state) and ca_address_sk is not null)
                                            TableScan [TS_74] (rows=40000000 width=1014)
                                              default@customer_address,customer_address,Tbl:COMPLETE,Col:NONE,Output:["ca_address_sk","ca_state"]
                                    <-Reducer 21 [SIMPLE_EDGE]
                                      SHUFFLE [RS_80]
                                        PartitionCols:_col2
                                        Merge Join Operator [MERGEJOIN_149] (rows=31678769 width=106)
                                          Conds:RS_77._col0=RS_78._col0(Inner),Output:["_col1","_col2","_col3"]
                                        <-Map 20 [SIMPLE_EDGE]
                                          SHUFFLE [RS_77]
                                            PartitionCols:_col0
                                            Select Operator [SEL_70] (rows=28798881 width=106)
                                              Output:["_col0","_col1","_col2","_col3"]
                                              Filter Operator [FIL_141] (rows=28798881 width=106)
                                                predicate:(cr_returned_date_sk is not null and cr_returning_addr_sk is not null)
                                                TableScan [TS_68] (rows=28798881 width=106)
                                                  default@catalog_returns,catalog_returns,Tbl:COMPLETE,Col:NONE,Output:["cr_returned_date_sk","cr_returning_customer_sk","cr_returning_addr_sk","cr_return_amt_inc_tax"]
                                        <-Map 24 [SIMPLE_EDGE]
                                          SHUFFLE [RS_78]
                                            PartitionCols:_col0
                                            Select Operator [SEL_73] (rows=36524 width=1119)
                                              Output:["_col0"]
                                              Filter Operator [FIL_142] (rows=36524 width=1119)
                                                predicate:((d_year = 1998) and d_date_sk is not null)
                                                TableScan [TS_71] (rows=73049 width=1119)
                                                  default@date_dim,date_dim,Tbl:COMPLETE,Col:NONE,Output:["d_date_sk","d_year"]
                  <-Reducer 3 [SIMPLE_EDGE]
                    SHUFFLE [RS_93]
                      PartitionCols:_col1
                      Select Operator [SEL_67] (rows=96800003 width=860)
                        Output:["_col1","_col11","_col12","_col13","_col14","_col16","_col18","_col19","_col2","_col20","_col4","_col5","_col6","_col7","_col8","_col9"]
                        Merge Join Operator [MERGEJOIN_152] (rows=96800003 width=860)
                          Conds:RS_64._col0=RS_65._col0(Inner),Output:["_col1","_col3","_col4","_col5","_col7","_col8","_col9","_col10","_col11","_col12","_col14","_col15","_col16","_col17","_col19","_col20"]
                        <-Reducer 11 [SIMPLE_EDGE]
                          SHUFFLE [RS_65]
                            PartitionCols:_col0
                            Merge Join Operator [MERGEJOIN_151] (rows=24200000 width=1014)
                              Conds:RS_57._col1=RS_58._col0(Left Outer),Output:["_col0","_col1","_col2"]
                            <-Reducer 10 [SIMPLE_EDGE]
                              SHUFFLE [RS_57]
                                PartitionCols:_col1
                                Select Operator [SEL_25] (rows=22000000 width=1014)
                                  Output:["_col0","_col1","_col2"]
                                  Group By Operator [GBY_24] (rows=22000000 width=1014)
                                    Output:["_col0","_col1","_col2"],aggregations:["sum(VALUE._col0)"],keys:KEY._col0, KEY._col1
                                  <-Reducer 9 [SIMPLE_EDGE]
                                    SHUFFLE [RS_23]
                                      PartitionCols:_col0, _col1
                                      Group By Operator [GBY_22] (rows=44000000 width=1014)
                                        Output:["_col0","_col1","_col2"],aggregations:["sum(_col3)"],keys:_col7, _col1
                                        Select Operator [SEL_21] (rows=44000000 width=1014)
                                          Output:["_col7","_col1","_col3"]
                                          Merge Join Operator [MERGEJOIN_146] (rows=44000000 width=1014)
                                            Conds:RS_18._col2=RS_19._col0(Inner),Output:["_col1","_col3","_col7"]
                                          <-Map 13 [SIMPLE_EDGE]
                                            SHUFFLE [RS_19]
                                              PartitionCols:_col0
                                              Select Operator [SEL_14] (rows=40000000 width=1014)
                                                Output:["_col0","_col1"]
                                                Filter Operator [FIL_137] (rows=40000000 width=1014)
                                                  predicate:ca_address_sk is not null
                                                  TableScan [TS_12] (rows=40000000 width=1014)
                                                    default@customer_address,customer_address,Tbl:COMPLETE,Col:NONE,Output:["ca_address_sk","ca_state"]
                                          <-Reducer 8 [SIMPLE_EDGE]
                                            SHUFFLE [RS_18]
                                              PartitionCols:_col2
                                              Merge Join Operator [MERGEJOIN_145] (rows=31678769 width=106)
                                                Conds:RS_15._col0=RS_16._col0(Inner),Output:["_col1","_col2","_col3"]
                                              <-Map 12 [SIMPLE_EDGE]
                                                SHUFFLE [RS_16]
                                                  PartitionCols:_col0
                                                  Select Operator [SEL_11] (rows=36524 width=1119)
                                                    Output:["_col0"]
                                                    Filter Operator [FIL_136] (rows=36524 width=1119)
                                                      predicate:((d_year = 1998) and d_date_sk is not null)
                                                      TableScan [TS_9] (rows=73049 width=1119)
                                                        default@date_dim,date_dim,Tbl:COMPLETE,Col:NONE,Output:["d_date_sk","d_year"]
                                              <-Map 7 [SIMPLE_EDGE]
                                                SHUFFLE [RS_15]
                                                  PartitionCols:_col0
                                                  Select Operator [SEL_8] (rows=28798881 width=106)
                                                    Output:["_col0","_col1","_col2","_col3"]
                                                    Filter Operator [FIL_135] (rows=28798881 width=106)
                                                      predicate:(cr_returned_date_sk is not null and cr_returning_addr_sk is not null and cr_returning_customer_sk is not null)
                                                      TableScan [TS_6] (rows=28798881 width=106)
                                                        default@catalog_returns,catalog_returns,Tbl:COMPLETE,Col:NONE,Output:["cr_returned_date_sk","cr_returning_customer_sk","cr_returning_addr_sk","cr_return_amt_inc_tax"]
                            <-Reducer 17 [SIMPLE_EDGE]
                              SHUFFLE [RS_58]
                                PartitionCols:_col0
                                Select Operator [SEL_56] (rows=1451943 width=106)
                                  Output:["_col0"]
                                  Filter Operator [FIL_55] (rows=1451943 width=106)
                                    predicate:(sq_count_check(_col1) <= 1)
                                    Group By Operator [GBY_54] (rows=4355830 width=106)
                                      Output:["_col0","_col1"],aggregations:["count()"],keys:_col0
                                      Group By Operator [GBY_49] (rows=8711661 width=106)
                                        Output:["_col0"],keys:_col0
                                        Select Operator [SEL_45] (rows=17423323 width=106)
                                          Output:["_col0"]
                                          Group By Operator [GBY_44] (rows=17423323 width=106)
                                            Output:["_col0","_col1","_col2"],aggregations:["sum(VALUE._col0)"],keys:KEY._col0, KEY._col1
                                          <-Reducer 16 [SIMPLE_EDGE]
                                            SHUFFLE [RS_43]
                                              PartitionCols:_col0
                                              Group By Operator [GBY_42] (rows=34846646 width=106)
                                                Output:["_col0","_col1","_col2"],aggregations:["sum(_col3)"],keys:_col7, _col1
                                                Select Operator [SEL_41] (rows=34846646 width=106)
                                                  Output:["_col7","_col1","_col3"]
                                                  Merge Join Operator [MERGEJOIN_148] (rows=34846646 width=106)
                                                    Conds:RS_38._col2=RS_39._col0(Inner),Output:["_col1","_col3","_col7"]
                                                  <-Map 19 [SIMPLE_EDGE]
                                                    SHUFFLE [RS_39]
                                                      PartitionCols:_col0
                                                      Select Operator [SEL_34] (rows=20000000 width=1014)
                                                        Output:["_col0","_col1"]
                                                        Filter Operator [FIL_140] (rows=20000000 width=1014)
                                                          predicate:((ca_state = ca_state) and ca_address_sk is not null)
                                                          TableScan [TS_32] (rows=40000000 width=1014)
                                                            default@customer_address,customer_address,Tbl:COMPLETE,Col:NONE,Output:["ca_address_sk","ca_state"]
                                                  <-Reducer 15 [SIMPLE_EDGE]
                                                    SHUFFLE [RS_38]
                                                      PartitionCols:_col2
                                                      Merge Join Operator [MERGEJOIN_147] (rows=31678769 width=106)
                                                        Conds:RS_35._col0=RS_36._col0(Inner),Output:["_col1","_col2","_col3"]
                                                      <-Map 14 [SIMPLE_EDGE]
                                                        SHUFFLE [RS_35]
                                                          PartitionCols:_col0
                                                          Select Operator [SEL_28] (rows=28798881 width=106)
                                                            Output:["_col0","_col1","_col2","_col3"]
                                                            Filter Operator [FIL_138] (rows=28798881 width=106)
                                                              predicate:(cr_returned_date_sk is not null and cr_returning_addr_sk is not null)
                                                              TableScan [TS_26] (rows=28798881 width=106)
                                                                default@catalog_returns,catalog_returns,Tbl:COMPLETE,Col:NONE,Output:["cr_returned_date_sk","cr_returning_customer_sk","cr_returning_addr_sk","cr_return_amt_inc_tax"]
                                                      <-Map 18 [SIMPLE_EDGE]
                                                        SHUFFLE [RS_36]
                                                          PartitionCols:_col0
                                                          Select Operator [SEL_31] (rows=36524 width=1119)
                                                            Output:["_col0"]
                                                            Filter Operator [FIL_139] (rows=36524 width=1119)
                                                              predicate:((d_year = 1998) and d_date_sk is not null)
                                                              TableScan [TS_29] (rows=73049 width=1119)
                                                                default@date_dim,date_dim,Tbl:COMPLETE,Col:NONE,Output:["d_date_sk","d_year"]
                        <-Reducer 2 [SIMPLE_EDGE]
                          SHUFFLE [RS_64]
                            PartitionCols:_col0
                            Merge Join Operator [MERGEJOIN_144] (rows=88000001 width=860)
                              Conds:RS_61._col2=RS_62._col0(Inner),Output:["_col0","_col1","_col3","_col4","_col5","_col7","_col8","_col9","_col10","_col11","_col12","_col14","_col15","_col16","_col17"]
                            <-Map 1 [SIMPLE_EDGE]
                              SHUFFLE [RS_61]
                                PartitionCols:_col2
                                Select Operator [SEL_2] (rows=80000000 width=860)
                                  Output:["_col0","_col1","_col2","_col3","_col4","_col5"]
                                  Filter Operator [FIL_133] (rows=80000000 width=860)
                                    predicate:(c_customer_sk is not null and c_current_addr_sk is not null)
                                    TableScan [TS_0] (rows=80000000 width=860)
                                      default@customer,customer,Tbl:COMPLETE,Col:NONE,Output:["c_customer_sk","c_customer_id","c_current_addr_sk","c_salutation","c_first_name","c_last_name"]
                            <-Map 6 [SIMPLE_EDGE]
                              SHUFFLE [RS_62]
                                PartitionCols:_col0
                                Select Operator [SEL_5] (rows=20000000 width=1014)
                                  Output:["_col0","_col1","_col10","_col11","_col2","_col3","_col4","_col5","_col6","_col8","_col9"]
                                  Filter Operator [FIL_134] (rows=20000000 width=1014)
                                    predicate:((ca_state = 'IL') and ca_address_sk is not null)
                                    TableScan [TS_3] (rows=40000000 width=1014)
                                      default@customer_address,customer_address,Tbl:COMPLETE,Col:NONE,Output:["ca_address_sk","ca_street_number","ca_street_name","ca_street_type","ca_suite_number","ca_city","ca_county","ca_state","ca_zip","ca_country","ca_gmt_offset","ca_location_type"]

